// Bun Snapshot v1, https://bun.sh/docs/test/snapshots

exports[`model/provider derivation characterization (Phase 0 baseline) freezes per-(provider,model) capability + label + wire-axis derivation 1`] = `
{
  "anthropic::claude-fable-5": {
    "contextLength": 1000000,
    "describe": {
      "brandKey": "anthropic",
      "brandLabel": "Anthropic",
      "compactModelDetailedLabel": "Fable 5",
      "compactModelLabel": "Fable 5",
      "compactScopedDetailedLabel": "Anthropic/Fable 5",
      "compactScopedLabel": "Anthropic/Fable 5",
      "configName": undefined,
      "groupId": undefined,
      "groupLabel": undefined,
      "modelDetailedLabel": "Claude Fable 5",
      "modelId": "claude-fable-5",
      "modelLabel": "Claude Fable 5",
      "note": undefined,
      "providerId": "anthropic",
      "providerLabel": "Anthropic",
      "scopedDetailedLabel": "Anthropic/Claude Fable 5",
      "scopedLabel": "Anthropic/Claude Fable 5",
      "selectionKey": "claude-fable-5",
      "vendorId": undefined,
      "vendorLabel": undefined,
    },
    "encryption": "anthropic",
    "extendedCache": false,
    "highestThinkingLevel": "max",
    "id": "claude-fable-5",
    "maxOutputTokens": 128000,
    "multimodal": true,
    "normalized": "claude-fable-5",
    "sealedSchema": "anthropic-messages",
    "thinking": true,
    "thinkingLevels": [
      "off",
      "low",
      "medium",
      "high",
      "xhigh",
      "max",
    ],
    "tierThinkingLevels": [
      "low",
      "medium",
      "high",
      "xhigh",
      "max",
    ],
    "transport": "anthropic",
    "webSearch": true,
  },
  "anthropic::claude-haiku-4-5": {
    "contextLength": 200000,
    "describe": {
      "brandKey": "anthropic",
      "brandLabel": "Anthropic",
      "compactModelDetailedLabel": "Haiku 4.5",
      "compactModelLabel": "Haiku 4.5",
      "compactScopedDetailedLabel": "Anthropic/Haiku 4.5",
      "compactScopedLabel": "Anthropic/Haiku 4.5",
      "configName": undefined,
      "groupId": undefined,
      "groupLabel": undefined,
      "modelDetailedLabel": "Claude Haiku 4.5",
      "modelId": "claude-haiku-4-5",
      "modelLabel": "Claude Haiku 4.5",
      "note": undefined,
      "providerId": "anthropic",
      "providerLabel": "Anthropic",
      "scopedDetailedLabel": "Anthropic/Claude Haiku 4.5",
      "scopedLabel": "Anthropic/Claude Haiku 4.5",
      "selectionKey": "claude-haiku-4-5",
      "vendorId": undefined,
      "vendorLabel": undefined,
    },
    "encryption": "anthropic",
    "extendedCache": false,
    "highestThinkingLevel": "high",
    "id": "claude-haiku-4-5",
    "maxOutputTokens": 64000,
    "multimodal": true,
    "normalized": "claude-haiku-4-5",
    "sealedSchema": "anthropic-messages",
    "thinking": true,
    "thinkingLevels": [
      "off",
      "low",
      "medium",
      "high",
    ],
    "tierThinkingLevels": [
      "low",
      "medium",
      "high",
    ],
    "transport": "anthropic",
    "webSearch": true,
  },
  "anthropic::claude-opus-5": {
    "contextLength": 1000000,
    "describe": {
      "brandKey": "anthropic",
      "brandLabel": "Anthropic",
      "compactModelDetailedLabel": "Opus 5",
      "compactModelLabel": "Opus 5",
      "compactScopedDetailedLabel": "Anthropic/Opus 5",
      "compactScopedLabel": "Anthropic/Opus 5",
      "configName": undefined,
      "groupId": undefined,
      "groupLabel": undefined,
      "modelDetailedLabel": "Claude Opus 5",
      "modelId": "claude-opus-5",
      "modelLabel": "Claude Opus 5",
      "note": undefined,
      "providerId": "anthropic",
      "providerLabel": "Anthropic",
      "scopedDetailedLabel": "Anthropic/Claude Opus 5",
      "scopedLabel": "Anthropic/Claude Opus 5",
      "selectionKey": "claude-opus-5",
      "vendorId": undefined,
      "vendorLabel": undefined,
    },
    "encryption": "anthropic",
    "extendedCache": false,
    "highestThinkingLevel": "max",
    "id": "claude-opus-5",
    "maxOutputTokens": 128000,
    "multimodal": true,
    "normalized": "claude-opus-5",
    "sealedSchema": "anthropic-messages",
    "thinking": true,
    "thinkingLevels": [
      "off",
      "low",
      "medium",
      "high",
      "xhigh",
      "max",
    ],
    "tierThinkingLevels": [
      "low",
      "medium",
      "high",
      "xhigh",
      "max",
    ],
    "transport": "anthropic",
    "webSearch": true,
  },
  "anthropic::claude-sonnet-5": {
    "contextLength": 1000000,
    "describe": {
      "brandKey": "anthropic",
      "brandLabel": "Anthropic",
      "compactModelDetailedLabel": "Sonnet 5",
      "compactModelLabel": "Sonnet 5",
      "compactScopedDetailedLabel": "Anthropic/Sonnet 5",
      "compactScopedLabel": "Anthropic/Sonnet 5",
      "configName": undefined,
      "groupId": undefined,
      "groupLabel": undefined,
      "modelDetailedLabel": "Claude Sonnet 5",
      "modelId": "claude-sonnet-5",
      "modelLabel": "Claude Sonnet 5",
      "note": undefined,
      "providerId": "anthropic",
      "providerLabel": "Anthropic",
      "scopedDetailedLabel": "Anthropic/Claude Sonnet 5",
      "scopedLabel": "Anthropic/Claude Sonnet 5",
      "selectionKey": "claude-sonnet-5",
      "vendorId": undefined,
      "vendorLabel": undefined,
    },
    "encryption": "anthropic",
    "extendedCache": false,
    "highestThinkingLevel": "max",
    "id": "claude-sonnet-5",
    "maxOutputTokens": 128000,
    "multimodal": true,
    "normalized": "claude-sonnet-5",
    "sealedSchema": "anthropic-messages",
    "thinking": true,
    "thinkingLevels": [
      "off",
      "low",
      "medium",
      "high",
      "xhigh",
      "max",
    ],
    "tierThinkingLevels": [
      "low",
      "medium",
      "high",
      "xhigh",
      "max",
    ],
    "transport": "anthropic",
    "webSearch": true,
  },
  "copilot::claude-fable-5": {
    "contextLength": 1000000,
    "describe": {
      "brandKey": "copilot",
      "brandLabel": "Copilot",
      "compactModelDetailedLabel": "Fable 5",
      "compactModelLabel": "Fable 5",
      "compactScopedDetailedLabel": "Copilot/Fable 5",
      "compactScopedLabel": "Copilot/Fable 5",
      "configName": undefined,
      "groupId": undefined,
      "groupLabel": undefined,
      "modelDetailedLabel": "Claude Fable 5",
      "modelId": "claude-fable-5",
      "modelLabel": "Claude Fable 5",
      "note": undefined,
      "providerId": "copilot",
      "providerLabel": "Copilot",
      "scopedDetailedLabel": "Copilot/Claude Fable 5",
      "scopedLabel": "Copilot/Claude Fable 5",
      "selectionKey": "claude-fable-5",
      "vendorId": undefined,
      "vendorLabel": undefined,
    },
    "encryption": "anthropic",
    "extendedCache": false,
    "highestThinkingLevel": "max",
    "id": "claude-fable-5",
    "maxOutputTokens": 128000,
    "multimodal": true,
    "normalized": "claude-fable-5",
    "sealedSchema": "anthropic-messages",
    "thinking": true,
    "thinkingLevels": [
      "off",
      "low",
      "medium",
      "high",
      "xhigh",
      "max",
    ],
    "tierThinkingLevels": [
      "low",
      "medium",
      "high",
      "xhigh",
      "max",
    ],
    "transport": "anthropic",
    "webSearch": true,
  },
  "copilot::claude-opus-5": {
    "contextLength": 1000000,
    "describe": {
      "brandKey": "copilot",
      "brandLabel": "Copilot",
      "compactModelDetailedLabel": "Opus 5",
      "compactModelLabel": "Opus 5",
      "compactScopedDetailedLabel": "Copilot/Opus 5",
      "compactScopedLabel": "Copilot/Opus 5",
      "configName": undefined,
      "groupId": undefined,
      "groupLabel": undefined,
      "modelDetailedLabel": "Claude Opus 5",
      "modelId": "claude-opus-5",
      "modelLabel": "Claude Opus 5",
      "note": undefined,
      "providerId": "copilot",
      "providerLabel": "Copilot",
      "scopedDetailedLabel": "Copilot/Claude Opus 5",
      "scopedLabel": "Copilot/Claude Opus 5",
      "selectionKey": "claude-opus-5",
      "vendorId": undefined,
      "vendorLabel": undefined,
    },
    "encryption": "anthropic",
    "extendedCache": false,
    "highestThinkingLevel": "max",
    "id": "claude-opus-5",
    "maxOutputTokens": 128000,
    "multimodal": true,
    "normalized": "claude-opus-5",
    "sealedSchema": "anthropic-messages",
    "thinking": true,
    "thinkingLevels": [
      "off",
      "low",
      "medium",
      "high",
      "xhigh",
      "max",
    ],
    "tierThinkingLevels": [
      "low",
      "medium",
      "high",
      "xhigh",
      "max",
    ],
    "transport": "anthropic",
    "webSearch": true,
  },
  "copilot::claude-sonnet-5": {
    "contextLength": 1000000,
    "describe": {
      "brandKey": "copilot",
      "brandLabel": "Copilot",
      "compactModelDetailedLabel": "Sonnet 5",
      "compactModelLabel": "Sonnet 5",
      "compactScopedDetailedLabel": "Copilot/Sonnet 5",
      "compactScopedLabel": "Copilot/Sonnet 5",
      "configName": undefined,
      "groupId": undefined,
      "groupLabel": undefined,
      "modelDetailedLabel": "Claude Sonnet 5",
      "modelId": "claude-sonnet-5",
      "modelLabel": "Claude Sonnet 5",
      "note": undefined,
      "providerId": "copilot",
      "providerLabel": "Copilot",
      "scopedDetailedLabel": "Copilot/Claude Sonnet 5",
      "scopedLabel": "Copilot/Claude Sonnet 5",
      "selectionKey": "claude-sonnet-5",
      "vendorId": undefined,
      "vendorLabel": undefined,
    },
    "encryption": "anthropic",
    "extendedCache": false,
    "highestThinkingLevel": "max",
    "id": "claude-sonnet-5",
    "maxOutputTokens": 128000,
    "multimodal": true,
    "normalized": "claude-sonnet-5",
    "sealedSchema": "anthropic-messages",
    "thinking": true,
    "thinkingLevels": [
      "off",
      "low",
      "medium",
      "high",
      "xhigh",
      "max",
    ],
    "tierThinkingLevels": [
      "low",
      "medium",
      "high",
      "xhigh",
      "max",
    ],
    "transport": "anthropic",
    "webSearch": true,
  },
  "copilot::gpt-5.6-luna": {
    "contextLength": 1050000,
    "describe": {
      "brandKey": "copilot",
      "brandLabel": "Copilot",
      "compactModelDetailedLabel": "GPT-5.6 Luna",
      "compactModelLabel": "GPT-5.6 Luna",
      "compactScopedDetailedLabel": "Copilot/GPT-5.6 Luna",
      "compactScopedLabel": "Copilot/GPT-5.6 Luna",
      "configName": undefined,
      "groupId": undefined,
      "groupLabel": undefined,
      "modelDetailedLabel": "GPT-5.6 Luna",
      "modelId": "gpt-5.6-luna",
      "modelLabel": "GPT-5.6 Luna",
      "note": undefined,
      "providerId": "copilot",
      "providerLabel": "Copilot",
      "scopedDetailedLabel": "Copilot/GPT-5.6 Luna",
      "scopedLabel": "Copilot/GPT-5.6 Luna",
      "selectionKey": "gpt-5.6-luna",
      "vendorId": undefined,
      "vendorLabel": undefined,
    },
    "encryption": "openai",
    "extendedCache": false,
    "highestThinkingLevel": "max",
    "id": "gpt-5.6-luna",
    "maxOutputTokens": 128000,
    "multimodal": true,
    "normalized": "gpt-5.6-luna",
    "sealedSchema": "openai-responses",
    "thinking": true,
    "thinkingLevels": [
      "none",
      "low",
      "medium",
      "high",
      "xhigh",
      "max",
    ],
    "tierThinkingLevels": [
      "low",
      "medium",
      "high",
      "xhigh",
      "max",
    ],
    "transport": "responses",
    "webSearch": true,
  },
  "copilot::gpt-5.6-sol": {
    "contextLength": 1050000,
    "describe": {
      "brandKey": "copilot",
      "brandLabel": "Copilot",
      "compactModelDetailedLabel": "GPT-5.6 Sol",
      "compactModelLabel": "GPT-5.6 Sol",
      "compactScopedDetailedLabel": "Copilot/GPT-5.6 Sol",
      "compactScopedLabel": "Copilot/GPT-5.6 Sol",
      "configName": undefined,
      "groupId": undefined,
      "groupLabel": undefined,
      "modelDetailedLabel": "GPT-5.6 Sol",
      "modelId": "gpt-5.6-sol",
      "modelLabel": "GPT-5.6 Sol",
      "note": undefined,
      "providerId": "copilot",
      "providerLabel": "Copilot",
      "scopedDetailedLabel": "Copilot/GPT-5.6 Sol",
      "scopedLabel": "Copilot/GPT-5.6 Sol",
      "selectionKey": "gpt-5.6-sol",
      "vendorId": undefined,
      "vendorLabel": undefined,
    },
    "encryption": "openai",
    "extendedCache": false,
    "highestThinkingLevel": "max",
    "id": "gpt-5.6-sol",
    "maxOutputTokens": 128000,
    "multimodal": true,
    "normalized": "gpt-5.6-sol",
    "sealedSchema": "openai-responses",
    "thinking": true,
    "thinkingLevels": [
      "none",
      "low",
      "medium",
      "high",
      "xhigh",
      "max",
    ],
    "tierThinkingLevels": [
      "low",
      "medium",
      "high",
      "xhigh",
      "max",
    ],
    "transport": "responses",
    "webSearch": true,
  },
  "copilot::gpt-5.6-terra": {
    "contextLength": 1050000,
    "describe": {
      "brandKey": "copilot",
      "brandLabel": "Copilot",
      "compactModelDetailedLabel": "GPT-5.6 Terra",
      "compactModelLabel": "GPT-5.6 Terra",
      "compactScopedDetailedLabel": "Copilot/GPT-5.6 Terra",
      "compactScopedLabel": "Copilot/GPT-5.6 Terra",
      "configName": undefined,
      "groupId": undefined,
      "groupLabel": undefined,
      "modelDetailedLabel": "GPT-5.6 Terra",
      "modelId": "gpt-5.6-terra",
      "modelLabel": "GPT-5.6 Terra",
      "note": undefined,
      "providerId": "copilot",
      "providerLabel": "Copilot",
      "scopedDetailedLabel": "Copilot/GPT-5.6 Terra",
      "scopedLabel": "Copilot/GPT-5.6 Terra",
      "selectionKey": "gpt-5.6-terra",
      "vendorId": undefined,
      "vendorLabel": undefined,
    },
    "encryption": "openai",
    "extendedCache": false,
    "highestThinkingLevel": "max",
    "id": "gpt-5.6-terra",
    "maxOutputTokens": 128000,
    "multimodal": true,
    "normalized": "gpt-5.6-terra",
    "sealedSchema": "openai-responses",
    "thinking": true,
    "thinkingLevels": [
      "none",
      "low",
      "medium",
      "high",
      "xhigh",
      "max",
    ],
    "tierThinkingLevels": [
      "low",
      "medium",
      "high",
      "xhigh",
      "max",
    ],
    "transport": "responses",
    "webSearch": true,
  },
  "deepseek::deepseek-v4-flash": {
    "contextLength": 1000000,
    "describe": {
      "brandKey": "deepseek",
      "brandLabel": "DeepSeek",
      "compactModelDetailedLabel": "DeepSeek V4 Flash",
      "compactModelLabel": "DeepSeek V4 Flash",
      "compactScopedDetailedLabel": "DeepSeek/DeepSeek V4 Flash",
      "compactScopedLabel": "DeepSeek/DeepSeek V4 Flash",
      "configName": undefined,
      "groupId": undefined,
      "groupLabel": undefined,
      "modelDetailedLabel": "DeepSeek V4 Flash",
      "modelId": "deepseek-v4-flash",
      "modelLabel": "DeepSeek V4 Flash",
      "note": undefined,
      "providerId": "deepseek",
      "providerLabel": "DeepSeek",
      "scopedDetailedLabel": "DeepSeek/DeepSeek V4 Flash",
      "scopedLabel": "DeepSeek/DeepSeek V4 Flash",
      "selectionKey": "deepseek-v4-flash",
      "vendorId": undefined,
      "vendorLabel": undefined,
    },
    "encryption": "none",
    "extendedCache": false,
    "highestThinkingLevel": "max",
    "id": "deepseek-v4-flash",
    "maxOutputTokens": 384000,
    "multimodal": false,
    "normalized": "deepseek-v4-flash",
    "sealedSchema": null,
    "thinking": true,
    "thinkingLevels": [
      "off",
      "high",
      "max",
    ],
    "tierThinkingLevels": [
      "high",
      "max",
    ],
    "transport": "anthropic",
    "webSearch": false,
  },
  "deepseek::deepseek-v4-pro": {
    "contextLength": 1000000,
    "describe": {
      "brandKey": "deepseek",
      "brandLabel": "DeepSeek",
      "compactModelDetailedLabel": "DeepSeek V4 Pro",
      "compactModelLabel": "DeepSeek V4 Pro",
      "compactScopedDetailedLabel": "DeepSeek/DeepSeek V4 Pro",
      "compactScopedLabel": "DeepSeek/DeepSeek V4 Pro",
      "configName": undefined,
      "groupId": undefined,
      "groupLabel": undefined,
      "modelDetailedLabel": "DeepSeek V4 Pro",
      "modelId": "deepseek-v4-pro",
      "modelLabel": "DeepSeek V4 Pro",
      "note": undefined,
      "providerId": "deepseek",
      "providerLabel": "DeepSeek",
      "scopedDetailedLabel": "DeepSeek/DeepSeek V4 Pro",
      "scopedLabel": "DeepSeek/DeepSeek V4 Pro",
      "selectionKey": "deepseek-v4-pro",
      "vendorId": undefined,
      "vendorLabel": undefined,
    },
    "encryption": "none",
    "extendedCache": false,
    "highestThinkingLevel": "max",
    "id": "deepseek-v4-pro",
    "maxOutputTokens": 384000,
    "multimodal": false,
    "normalized": "deepseek-v4-pro",
    "sealedSchema": null,
    "thinking": true,
    "thinkingLevels": [
      "off",
      "high",
      "max",
    ],
    "tierThinkingLevels": [
      "high",
      "max",
    ],
    "transport": "anthropic",
    "webSearch": false,
  },
  "glm-code::glm-5.2": {
    "contextLength": 1000000,
    "describe": {
      "brandKey": "glm",
      "brandLabel": "GLM",
      "compactModelDetailedLabel": "GLM 5.2",
      "compactModelLabel": "GLM 5.2",
      "compactScopedDetailedLabel": "GLM China Code/GLM 5.2",
      "compactScopedLabel": "GLM China Code/GLM 5.2",
      "configName": undefined,
      "groupId": "glm",
      "groupLabel": "z.ai (GLM/Zhipu)",
      "modelDetailedLabel": "GLM-5.2",
      "modelId": "glm-5.2",
      "modelLabel": "GLM-5.2",
      "note": undefined,
      "providerId": "glm-code",
      "providerLabel": "GLM China Code",
      "scopedDetailedLabel": "GLM China Code/GLM-5.2",
      "scopedLabel": "GLM China Code/GLM-5.2",
      "selectionKey": "glm-5.2",
      "vendorId": undefined,
      "vendorLabel": undefined,
    },
    "encryption": "none",
    "extendedCache": false,
    "highestThinkingLevel": "max",
    "id": "glm-5.2",
    "maxOutputTokens": 131072,
    "multimodal": false,
    "normalized": "glm-5.2",
    "sealedSchema": null,
    "thinking": true,
    "thinkingLevels": [
      "high",
      "max",
    ],
    "tierThinkingLevels": [
      "high",
      "max",
    ],
    "transport": "chat",
    "webSearch": true,
  },
  "glm-intl-code::glm-5.2": {
    "contextLength": 1000000,
    "describe": {
      "brandKey": "glm",
      "brandLabel": "GLM",
      "compactModelDetailedLabel": "GLM 5.2",
      "compactModelLabel": "GLM 5.2",
      "compactScopedDetailedLabel": "GLM Global Code/GLM 5.2",
      "compactScopedLabel": "GLM Global Code/GLM 5.2",
      "configName": undefined,
      "groupId": "glm",
      "groupLabel": "z.ai (GLM/Zhipu)",
      "modelDetailedLabel": "GLM-5.2",
      "modelId": "glm-5.2",
      "modelLabel": "GLM-5.2",
      "note": undefined,
      "providerId": "glm-intl-code",
      "providerLabel": "GLM Global Code",
      "scopedDetailedLabel": "GLM Global Code/GLM-5.2",
      "scopedLabel": "GLM Global Code/GLM-5.2",
      "selectionKey": "glm-5.2",
      "vendorId": undefined,
      "vendorLabel": undefined,
    },
    "encryption": "none",
    "extendedCache": false,
    "highestThinkingLevel": "max",
    "id": "glm-5.2",
    "maxOutputTokens": 131072,
    "multimodal": false,
    "normalized": "glm-5.2",
    "sealedSchema": null,
    "thinking": true,
    "thinkingLevels": [
      "high",
      "max",
    ],
    "tierThinkingLevels": [
      "high",
      "max",
    ],
    "transport": "chat",
    "webSearch": true,
  },
  "glm-intl::glm-5.2": {
    "contextLength": 1000000,
    "describe": {
      "brandKey": "glm",
      "brandLabel": "GLM",
      "compactModelDetailedLabel": "GLM 5.2",
      "compactModelLabel": "GLM 5.2",
      "compactScopedDetailedLabel": "GLM Global/GLM 5.2",
      "compactScopedLabel": "GLM Global/GLM 5.2",
      "configName": undefined,
      "groupId": "glm",
      "groupLabel": "z.ai (GLM/Zhipu)",
      "modelDetailedLabel": "GLM-5.2",
      "modelId": "glm-5.2",
      "modelLabel": "GLM-5.2",
      "note": undefined,
      "providerId": "glm-intl",
      "providerLabel": "GLM Global",
      "scopedDetailedLabel": "GLM Global/GLM-5.2",
      "scopedLabel": "GLM Global/GLM-5.2",
      "selectionKey": "glm-5.2",
      "vendorId": undefined,
      "vendorLabel": undefined,
    },
    "encryption": "none",
    "extendedCache": false,
    "highestThinkingLevel": "max",
    "id": "glm-5.2",
    "maxOutputTokens": 131072,
    "multimodal": false,
    "normalized": "glm-5.2",
    "sealedSchema": null,
    "thinking": true,
    "thinkingLevels": [
      "high",
      "max",
    ],
    "tierThinkingLevels": [
      "high",
      "max",
    ],
    "transport": "chat",
    "webSearch": true,
  },
  "glm::glm-5.2": {
    "contextLength": 1000000,
    "describe": {
      "brandKey": "glm",
      "brandLabel": "GLM",
      "compactModelDetailedLabel": "GLM 5.2",
      "compactModelLabel": "GLM 5.2",
      "compactScopedDetailedLabel": "GLM China/GLM 5.2",
      "compactScopedLabel": "GLM China/GLM 5.2",
      "configName": undefined,
      "groupId": "glm",
      "groupLabel": "z.ai (GLM/Zhipu)",
      "modelDetailedLabel": "GLM-5.2",
      "modelId": "glm-5.2",
      "modelLabel": "GLM-5.2",
      "note": undefined,
      "providerId": "glm",
      "providerLabel": "GLM China",
      "scopedDetailedLabel": "GLM China/GLM-5.2",
      "scopedLabel": "GLM China/GLM-5.2",
      "selectionKey": "glm-5.2",
      "vendorId": undefined,
      "vendorLabel": undefined,
    },
    "encryption": "none",
    "extendedCache": false,
    "highestThinkingLevel": "max",
    "id": "glm-5.2",
    "maxOutputTokens": 131072,
    "multimodal": false,
    "normalized": "glm-5.2",
    "sealedSchema": null,
    "thinking": true,
    "thinkingLevels": [
      "high",
      "max",
    ],
    "tierThinkingLevels": [
      "high",
      "max",
    ],
    "transport": "chat",
    "webSearch": true,
  },
  "kimi-cn::kimi-k2.7-code": {
    "contextLength": 262144,
    "describe": {
      "brandKey": "kimi",
      "brandLabel": "Kimi",
      "compactModelDetailedLabel": "Kimi K2.7 Code",
      "compactModelLabel": "Kimi K2.7 Code",
      "compactScopedDetailedLabel": "Kimi China/Kimi K2.7 Code",
      "compactScopedLabel": "Kimi China/Kimi K2.7 Code",
      "configName": undefined,
      "groupId": "kimi",
      "groupLabel": "Moonshot (Kimi)",
      "modelDetailedLabel": "Kimi K2.7 Code",
      "modelId": "kimi-k2.7-code",
      "modelLabel": "Kimi K2.7 Code",
      "note": undefined,
      "providerId": "kimi-cn",
      "providerLabel": "Kimi China",
      "scopedDetailedLabel": "Kimi China/Kimi K2.7 Code",
      "scopedLabel": "Kimi China/Kimi K2.7 Code",
      "selectionKey": "kimi-k2.7-code",
      "vendorId": undefined,
      "vendorLabel": undefined,
    },
    "encryption": "none",
    "extendedCache": false,
    "highestThinkingLevel": "on",
    "id": "kimi-k2.7-code",
    "maxOutputTokens": 262144,
    "multimodal": true,
    "normalized": "kimi-k2.7-code",
    "sealedSchema": null,
    "thinking": true,
    "thinkingLevels": [
      "on",
    ],
    "tierThinkingLevels": [
      "on",
    ],
    "transport": "anthropic",
    "webSearch": true,
  },
  "kimi-cn::kimi-k3": {
    "contextLength": 1048576,
    "describe": {
      "brandKey": "kimi",
      "brandLabel": "Kimi",
      "compactModelDetailedLabel": "Kimi K3",
      "compactModelLabel": "Kimi K3",
      "compactScopedDetailedLabel": "Kimi China/Kimi K3",
      "compactScopedLabel": "Kimi China/Kimi K3",
      "configName": undefined,
      "groupId": "kimi",
      "groupLabel": "Moonshot (Kimi)",
      "modelDetailedLabel": "Kimi K3",
      "modelId": "kimi-k3",
      "modelLabel": "Kimi K3",
      "note": undefined,
      "providerId": "kimi-cn",
      "providerLabel": "Kimi China",
      "scopedDetailedLabel": "Kimi China/Kimi K3",
      "scopedLabel": "Kimi China/Kimi K3",
      "selectionKey": "kimi-k3",
      "vendorId": undefined,
      "vendorLabel": undefined,
    },
    "encryption": "none",
    "extendedCache": false,
    "highestThinkingLevel": "max",
    "id": "kimi-k3",
    "maxOutputTokens": 131072,
    "multimodal": true,
    "normalized": "kimi-k3",
    "sealedSchema": null,
    "thinking": true,
    "thinkingLevels": [
      "off",
      "low",
      "high",
      "max",
    ],
    "tierThinkingLevels": [
      "low",
      "high",
      "max",
    ],
    "transport": "anthropic",
    "webSearch": true,
  },
  "kimi-code::kimi-k2.7-code": {
    "contextLength": 262144,
    "describe": {
      "brandKey": "kimi",
      "brandLabel": "Kimi",
      "compactModelDetailedLabel": "Kimi K2.7 Code",
      "compactModelLabel": "Kimi K2.7 Code",
      "compactScopedDetailedLabel": "Kimi Code/Kimi K2.7 Code",
      "compactScopedLabel": "Kimi Code/Kimi K2.7 Code",
      "configName": undefined,
      "groupId": "kimi",
      "groupLabel": "Moonshot (Kimi)",
      "modelDetailedLabel": "Kimi K2.7 Code",
      "modelId": "kimi-k2.7-code",
      "modelLabel": "Kimi K2.7 Code",
      "note": undefined,
      "providerId": "kimi-code",
      "providerLabel": "Kimi Code",
      "scopedDetailedLabel": "Kimi Code/Kimi K2.7 Code",
      "scopedLabel": "Kimi Code/Kimi K2.7 Code",
      "selectionKey": "kimi-k2.7-code",
      "vendorId": undefined,
      "vendorLabel": undefined,
    },
    "encryption": "none",
    "extendedCache": false,
    "highestThinkingLevel": "on",
    "id": "kimi-k2.7-code",
    "maxOutputTokens": 262144,
    "multimodal": true,
    "normalized": "kimi-k2.7-code",
    "sealedSchema": null,
    "thinking": true,
    "thinkingLevels": [
      "on",
    ],
    "tierThinkingLevels": [
      "on",
    ],
    "transport": "anthropic",
    "webSearch": true,
  },
  "kimi-code::kimi-k3": {
    "contextLength": 1048576,
    "describe": {
      "brandKey": "kimi",
      "brandLabel": "Kimi",
      "compactModelDetailedLabel": "Kimi K3",
      "compactModelLabel": "Kimi K3",
      "compactScopedDetailedLabel": "Kimi Code/Kimi K3",
      "compactScopedLabel": "Kimi Code/Kimi K3",
      "configName": undefined,
      "groupId": "kimi",
      "groupLabel": "Moonshot (Kimi)",
      "modelDetailedLabel": "Kimi K3",
      "modelId": "k3",
      "modelLabel": "Kimi K3",
      "note": undefined,
      "providerId": "kimi-code",
      "providerLabel": "Kimi Code",
      "scopedDetailedLabel": "Kimi Code/Kimi K3",
      "scopedLabel": "Kimi Code/Kimi K3",
      "selectionKey": "kimi-k3",
      "vendorId": undefined,
      "vendorLabel": undefined,
    },
    "encryption": "none",
    "extendedCache": false,
    "highestThinkingLevel": "max",
    "id": "k3",
    "maxOutputTokens": 131072,
    "multimodal": true,
    "normalized": "k3",
    "sealedSchema": null,
    "thinking": true,
    "thinkingLevels": [
      "off",
      "low",
      "high",
      "max",
    ],
    "tierThinkingLevels": [
      "low",
      "high",
      "max",
    ],
    "transport": "anthropic",
    "webSearch": true,
  },
  "kimi::kimi-k2.7-code": {
    "contextLength": 262144,
    "describe": {
      "brandKey": "kimi",
      "brandLabel": "Kimi",
      "compactModelDetailedLabel": "Kimi K2.7 Code",
      "compactModelLabel": "Kimi K2.7 Code",
      "compactScopedDetailedLabel": "Kimi Global/Kimi K2.7 Code",
      "compactScopedLabel": "Kimi Global/Kimi K2.7 Code",
      "configName": undefined,
      "groupId": "kimi",
      "groupLabel": "Moonshot (Kimi)",
      "modelDetailedLabel": "Kimi K2.7 Code",
      "modelId": "kimi-k2.7-code",
      "modelLabel": "Kimi K2.7 Code",
      "note": undefined,
      "providerId": "kimi",
      "providerLabel": "Kimi Global",
      "scopedDetailedLabel": "Kimi Global/Kimi K2.7 Code",
      "scopedLabel": "Kimi Global/Kimi K2.7 Code",
      "selectionKey": "kimi-k2.7-code",
      "vendorId": undefined,
      "vendorLabel": undefined,
    },
    "encryption": "none",
    "extendedCache": false,
    "highestThinkingLevel": "on",
    "id": "kimi-k2.7-code",
    "maxOutputTokens": 262144,
    "multimodal": true,
    "normalized": "kimi-k2.7-code",
    "sealedSchema": null,
    "thinking": true,
    "thinkingLevels": [
      "on",
    ],
    "tierThinkingLevels": [
      "on",
    ],
    "transport": "anthropic",
    "webSearch": true,
  },
  "kimi::kimi-k3": {
    "contextLength": 1048576,
    "describe": {
      "brandKey": "kimi",
      "brandLabel": "Kimi",
      "compactModelDetailedLabel": "Kimi K3",
      "compactModelLabel": "Kimi K3",
      "compactScopedDetailedLabel": "Kimi Global/Kimi K3",
      "compactScopedLabel": "Kimi Global/Kimi K3",
      "configName": undefined,
      "groupId": "kimi",
      "groupLabel": "Moonshot (Kimi)",
      "modelDetailedLabel": "Kimi K3",
      "modelId": "kimi-k3",
      "modelLabel": "Kimi K3",
      "note": undefined,
      "providerId": "kimi",
      "providerLabel": "Kimi Global",
      "scopedDetailedLabel": "Kimi Global/Kimi K3",
      "scopedLabel": "Kimi Global/Kimi K3",
      "selectionKey": "kimi-k3",
      "vendorId": undefined,
      "vendorLabel": undefined,
    },
    "encryption": "none",
    "extendedCache": false,
    "highestThinkingLevel": "max",
    "id": "kimi-k3",
    "maxOutputTokens": 131072,
    "multimodal": true,
    "normalized": "kimi-k3",
    "sealedSchema": null,
    "thinking": true,
    "thinkingLevels": [
      "off",
      "low",
      "high",
      "max",
    ],
    "tierThinkingLevels": [
      "low",
      "high",
      "max",
    ],
    "transport": "anthropic",
    "webSearch": true,
  },
  "minimax-cn::MiniMax-M3": {
    "contextLength": 1000000,
    "describe": {
      "brandKey": "minimax",
      "brandLabel": "MiniMax",
      "compactModelDetailedLabel": "MiniMax M3",
      "compactModelLabel": "MiniMax M3",
      "compactScopedDetailedLabel": "MiniMax China/MiniMax M3",
      "compactScopedLabel": "MiniMax China/MiniMax M3",
      "configName": undefined,
      "groupId": "minimax",
      "groupLabel": "MiniMax",
      "modelDetailedLabel": "MiniMax M3",
      "modelId": "MiniMax-M3",
      "modelLabel": "MiniMax M3",
      "note": undefined,
      "providerId": "minimax-cn",
      "providerLabel": "MiniMax China",
      "scopedDetailedLabel": "MiniMax China/MiniMax M3",
      "scopedLabel": "MiniMax China/MiniMax M3",
      "selectionKey": "MiniMax-M3",
      "vendorId": undefined,
      "vendorLabel": undefined,
    },
    "encryption": "none",
    "extendedCache": false,
    "highestThinkingLevel": "on",
    "id": "MiniMax-M3",
    "maxOutputTokens": 128000,
    "multimodal": true,
    "normalized": "MiniMax-M3",
    "sealedSchema": null,
    "thinking": true,
    "thinkingLevels": [
      "off",
      "on",
    ],
    "tierThinkingLevels": [
      "on",
    ],
    "transport": "anthropic",
    "webSearch": false,
  },
  "minimax::MiniMax-M3": {
    "contextLength": 1000000,
    "describe": {
      "brandKey": "minimax",
      "brandLabel": "MiniMax",
      "compactModelDetailedLabel": "MiniMax M3",
      "compactModelLabel": "MiniMax M3",
      "compactScopedDetailedLabel": "MiniMax Global/MiniMax M3",
      "compactScopedLabel": "MiniMax Global/MiniMax M3",
      "configName": undefined,
      "groupId": "minimax",
      "groupLabel": "MiniMax",
      "modelDetailedLabel": "MiniMax M3",
      "modelId": "MiniMax-M3",
      "modelLabel": "MiniMax M3",
      "note": undefined,
      "providerId": "minimax",
      "providerLabel": "MiniMax Global",
      "scopedDetailedLabel": "MiniMax Global/MiniMax M3",
      "scopedLabel": "MiniMax Global/MiniMax M3",
      "selectionKey": "MiniMax-M3",
      "vendorId": undefined,
      "vendorLabel": undefined,
    },
    "encryption": "none",
    "extendedCache": false,
    "highestThinkingLevel": "on",
    "id": "MiniMax-M3",
    "maxOutputTokens": 128000,
    "multimodal": true,
    "normalized": "MiniMax-M3",
    "sealedSchema": null,
    "thinking": true,
    "thinkingLevels": [
      "off",
      "on",
    ],
    "tierThinkingLevels": [
      "on",
    ],
    "transport": "anthropic",
    "webSearch": false,
  },
  "openai-codex::gpt-5.6-luna": {
    "contextLength": 1050000,
    "describe": {
      "brandKey": "openai",
      "brandLabel": "OpenAI",
      "compactModelDetailedLabel": "GPT-5.6 Luna",
      "compactModelLabel": "GPT-5.6 Luna",
      "compactScopedDetailedLabel": "OpenAI Codex/GPT-5.6 Luna",
      "compactScopedLabel": "OpenAI Codex/GPT-5.6 Luna",
      "configName": undefined,
      "groupId": undefined,
      "groupLabel": undefined,
      "modelDetailedLabel": "GPT-5.6 Luna",
      "modelId": "gpt-5.6-luna",
      "modelLabel": "GPT-5.6 Luna",
      "note": undefined,
      "providerId": "openai-codex",
      "providerLabel": "OpenAI Codex",
      "scopedDetailedLabel": "OpenAI Codex/GPT-5.6 Luna",
      "scopedLabel": "OpenAI Codex/GPT-5.6 Luna",
      "selectionKey": "gpt-5.6-luna",
      "vendorId": undefined,
      "vendorLabel": undefined,
    },
    "encryption": "openai",
    "extendedCache": false,
    "highestThinkingLevel": "max",
    "id": "gpt-5.6-luna",
    "maxOutputTokens": 128000,
    "multimodal": true,
    "normalized": "gpt-5.6-luna",
    "sealedSchema": "openai-responses",
    "thinking": true,
    "thinkingLevels": [
      "none",
      "low",
      "medium",
      "high",
      "xhigh",
      "max",
    ],
    "tierThinkingLevels": [
      "low",
      "medium",
      "high",
      "xhigh",
      "max",
    ],
    "transport": "responses",
    "webSearch": true,
  },
  "openai-codex::gpt-5.6-sol": {
    "contextLength": 1050000,
    "describe": {
      "brandKey": "openai",
      "brandLabel": "OpenAI",
      "compactModelDetailedLabel": "GPT-5.6 Sol",
      "compactModelLabel": "GPT-5.6 Sol",
      "compactScopedDetailedLabel": "OpenAI Codex/GPT-5.6 Sol",
      "compactScopedLabel": "OpenAI Codex/GPT-5.6 Sol",
      "configName": undefined,
      "groupId": undefined,
      "groupLabel": undefined,
      "modelDetailedLabel": "GPT-5.6 Sol",
      "modelId": "gpt-5.6-sol",
      "modelLabel": "GPT-5.6 Sol",
      "note": undefined,
      "providerId": "openai-codex",
      "providerLabel": "OpenAI Codex",
      "scopedDetailedLabel": "OpenAI Codex/GPT-5.6 Sol",
      "scopedLabel": "OpenAI Codex/GPT-5.6 Sol",
      "selectionKey": "gpt-5.6-sol",
      "vendorId": undefined,
      "vendorLabel": undefined,
    },
    "encryption": "openai",
    "extendedCache": false,
    "highestThinkingLevel": "max",
    "id": "gpt-5.6-sol",
    "maxOutputTokens": 128000,
    "multimodal": true,
    "normalized": "gpt-5.6-sol",
    "sealedSchema": "openai-responses",
    "thinking": true,
    "thinkingLevels": [
      "none",
      "low",
      "medium",
      "high",
      "xhigh",
      "max",
    ],
    "tierThinkingLevels": [
      "low",
      "medium",
      "high",
      "xhigh",
      "max",
    ],
    "transport": "responses",
    "webSearch": true,
  },
  "openai-codex::gpt-5.6-terra": {
    "contextLength": 1050000,
    "describe": {
      "brandKey": "openai",
      "brandLabel": "OpenAI",
      "compactModelDetailedLabel": "GPT-5.6 Terra",
      "compactModelLabel": "GPT-5.6 Terra",
      "compactScopedDetailedLabel": "OpenAI Codex/GPT-5.6 Terra",
      "compactScopedLabel": "OpenAI Codex/GPT-5.6 Terra",
      "configName": undefined,
      "groupId": undefined,
      "groupLabel": undefined,
      "modelDetailedLabel": "GPT-5.6 Terra",
      "modelId": "gpt-5.6-terra",
      "modelLabel": "GPT-5.6 Terra",
      "note": undefined,
      "providerId": "openai-codex",
      "providerLabel": "OpenAI Codex",
      "scopedDetailedLabel": "OpenAI Codex/GPT-5.6 Terra",
      "scopedLabel": "OpenAI Codex/GPT-5.6 Terra",
      "selectionKey": "gpt-5.6-terra",
      "vendorId": undefined,
      "vendorLabel": undefined,
    },
    "encryption": "openai",
    "extendedCache": false,
    "highestThinkingLevel": "max",
    "id": "gpt-5.6-terra",
    "maxOutputTokens": 128000,
    "multimodal": true,
    "normalized": "gpt-5.6-terra",
    "sealedSchema": "openai-responses",
    "thinking": true,
    "thinkingLevels": [
      "none",
      "low",
      "medium",
      "high",
      "xhigh",
      "max",
    ],
    "tierThinkingLevels": [
      "low",
      "medium",
      "high",
      "xhigh",
      "max",
    ],
    "transport": "responses",
    "webSearch": true,
  },
  "openai::gpt-5.6-luna": {
    "contextLength": 1050000,
    "describe": {
      "brandKey": "openai",
      "brandLabel": "OpenAI",
      "compactModelDetailedLabel": "GPT-5.6 Luna",
      "compactModelLabel": "GPT-5.6 Luna",
      "compactScopedDetailedLabel": "OpenAI/GPT-5.6 Luna",
      "compactScopedLabel": "OpenAI/GPT-5.6 Luna",
      "configName": undefined,
      "groupId": undefined,
      "groupLabel": undefined,
      "modelDetailedLabel": "GPT-5.6 Luna",
      "modelId": "gpt-5.6-luna",
      "modelLabel": "GPT-5.6 Luna",
      "note": undefined,
      "providerId": "openai",
      "providerLabel": "OpenAI",
      "scopedDetailedLabel": "OpenAI/GPT-5.6 Luna",
      "scopedLabel": "OpenAI/GPT-5.6 Luna",
      "selectionKey": "gpt-5.6-luna",
      "vendorId": undefined,
      "vendorLabel": undefined,
    },
    "encryption": "openai",
    "extendedCache": false,
    "highestThinkingLevel": "max",
    "id": "gpt-5.6-luna",
    "maxOutputTokens": 128000,
    "multimodal": true,
    "normalized": "gpt-5.6-luna",
    "sealedSchema": "openai-responses",
    "thinking": true,
    "thinkingLevels": [
      "none",
      "low",
      "medium",
      "high",
      "xhigh",
      "max",
    ],
    "tierThinkingLevels": [
      "low",
      "medium",
      "high",
      "xhigh",
      "max",
    ],
    "transport": "responses",
    "webSearch": true,
  },
  "openai::gpt-5.6-sol": {
    "contextLength": 1050000,
    "describe": {
      "brandKey": "openai",
      "brandLabel": "OpenAI",
      "compactModelDetailedLabel": "GPT-5.6 Sol",
      "compactModelLabel": "GPT-5.6 Sol",
      "compactScopedDetailedLabel": "OpenAI/GPT-5.6 Sol",
      "compactScopedLabel": "OpenAI/GPT-5.6 Sol",
      "configName": undefined,
      "groupId": undefined,
      "groupLabel": undefined,
      "modelDetailedLabel": "GPT-5.6 Sol",
      "modelId": "gpt-5.6-sol",
      "modelLabel": "GPT-5.6 Sol",
      "note": undefined,
      "providerId": "openai",
      "providerLabel": "OpenAI",
      "scopedDetailedLabel": "OpenAI/GPT-5.6 Sol",
      "scopedLabel": "OpenAI/GPT-5.6 Sol",
      "selectionKey": "gpt-5.6-sol",
      "vendorId": undefined,
      "vendorLabel": undefined,
    },
    "encryption": "openai",
    "extendedCache": false,
    "highestThinkingLevel": "max",
    "id": "gpt-5.6-sol",
    "maxOutputTokens": 128000,
    "multimodal": true,
    "normalized": "gpt-5.6-sol",
    "sealedSchema": "openai-responses",
    "thinking": true,
    "thinkingLevels": [
      "none",
      "low",
      "medium",
      "high",
      "xhigh",
      "max",
    ],
    "tierThinkingLevels": [
      "low",
      "medium",
      "high",
      "xhigh",
      "max",
    ],
    "transport": "responses",
    "webSearch": true,
  },
  "openai::gpt-5.6-terra": {
    "contextLength": 1050000,
    "describe": {
      "brandKey": "openai",
      "brandLabel": "OpenAI",
      "compactModelDetailedLabel": "GPT-5.6 Terra",
      "compactModelLabel": "GPT-5.6 Terra",
      "compactScopedDetailedLabel": "OpenAI/GPT-5.6 Terra",
      "compactScopedLabel": "OpenAI/GPT-5.6 Terra",
      "configName": undefined,
      "groupId": undefined,
      "groupLabel": undefined,
      "modelDetailedLabel": "GPT-5.6 Terra",
      "modelId": "gpt-5.6-terra",
      "modelLabel": "GPT-5.6 Terra",
      "note": undefined,
      "providerId": "openai",
      "providerLabel": "OpenAI",
      "scopedDetailedLabel": "OpenAI/GPT-5.6 Terra",
      "scopedLabel": "OpenAI/GPT-5.6 Terra",
      "selectionKey": "gpt-5.6-terra",
      "vendorId": undefined,
      "vendorLabel": undefined,
    },
    "encryption": "openai",
    "extendedCache": false,
    "highestThinkingLevel": "max",
    "id": "gpt-5.6-terra",
    "maxOutputTokens": 128000,
    "multimodal": true,
    "normalized": "gpt-5.6-terra",
    "sealedSchema": "openai-responses",
    "thinking": true,
    "thinkingLevels": [
      "none",
      "low",
      "medium",
      "high",
      "xhigh",
      "max",
    ],
    "tierThinkingLevels": [
      "low",
      "medium",
      "high",
      "xhigh",
      "max",
    ],
    "transport": "responses",
    "webSearch": true,
  },
  "openrouter::anthropic/claude-fable-5": {
    "contextLength": 1000000,
    "describe": {
      "brandKey": "openrouter",
      "brandLabel": "OpenRouter",
      "compactModelDetailedLabel": "Fable 5",
      "compactModelLabel": "Fable 5",
      "compactScopedDetailedLabel": "OpenRouter/Fable 5",
      "compactScopedLabel": "OpenRouter/Fable 5",
      "configName": undefined,
      "groupId": undefined,
      "groupLabel": undefined,
      "modelDetailedLabel": "Claude Fable 5",
      "modelId": "anthropic/claude-fable-5",
      "modelLabel": "Claude Fable 5",
      "note": undefined,
      "providerId": "openrouter",
      "providerLabel": "OpenRouter",
      "scopedDetailedLabel": "OpenRouter/Claude Fable 5",
      "scopedLabel": "OpenRouter/Claude Fable 5",
      "selectionKey": "anthropic/claude-fable-5",
      "vendorId": "anthropic",
      "vendorLabel": "Anthropic",
    },
    "encryption": "anthropic",
    "extendedCache": false,
    "highestThinkingLevel": "max",
    "id": "anthropic/claude-fable-5",
    "maxOutputTokens": 128000,
    "multimodal": true,
    "normalized": "claude-fable-5",
    "sealedSchema": "openrouter-chat",
    "thinking": true,
    "thinkingLevels": [
      "off",
      "low",
      "medium",
      "high",
      "xhigh",
      "max",
    ],
    "tierThinkingLevels": [
      "low",
      "medium",
      "high",
      "xhigh",
      "max",
    ],
    "transport": "chat",
    "webSearch": false,
  },
  "openrouter::anthropic/claude-haiku-4.5": {
    "contextLength": 200000,
    "describe": {
      "brandKey": "openrouter",
      "brandLabel": "OpenRouter",
      "compactModelDetailedLabel": "Haiku 4.5",
      "compactModelLabel": "Haiku 4.5",
      "compactScopedDetailedLabel": "OpenRouter/Haiku 4.5",
      "compactScopedLabel": "OpenRouter/Haiku 4.5",
      "configName": undefined,
      "groupId": undefined,
      "groupLabel": undefined,
      "modelDetailedLabel": "Claude Haiku 4.5",
      "modelId": "anthropic/claude-haiku-4.5",
      "modelLabel": "Claude Haiku 4.5",
      "note": undefined,
      "providerId": "openrouter",
      "providerLabel": "OpenRouter",
      "scopedDetailedLabel": "OpenRouter/Claude Haiku 4.5",
      "scopedLabel": "OpenRouter/Claude Haiku 4.5",
      "selectionKey": "anthropic/claude-haiku-4.5",
      "vendorId": "anthropic",
      "vendorLabel": "Anthropic",
    },
    "encryption": "anthropic",
    "extendedCache": false,
    "highestThinkingLevel": "high",
    "id": "anthropic/claude-haiku-4.5",
    "maxOutputTokens": 64000,
    "multimodal": true,
    "normalized": "claude-haiku-4.5",
    "sealedSchema": "openrouter-chat",
    "thinking": true,
    "thinkingLevels": [
      "off",
      "low",
      "medium",
      "high",
    ],
    "tierThinkingLevels": [
      "low",
      "medium",
      "high",
    ],
    "transport": "chat",
    "webSearch": false,
  },
  "openrouter::anthropic/claude-opus-5": {
    "contextLength": 1000000,
    "describe": {
      "brandKey": "openrouter",
      "brandLabel": "OpenRouter",
      "compactModelDetailedLabel": "Opus 5",
      "compactModelLabel": "Opus 5",
      "compactScopedDetailedLabel": "OpenRouter/Opus 5",
      "compactScopedLabel": "OpenRouter/Opus 5",
      "configName": undefined,
      "groupId": undefined,
      "groupLabel": undefined,
      "modelDetailedLabel": "Claude Opus 5",
      "modelId": "anthropic/claude-opus-5",
      "modelLabel": "Claude Opus 5",
      "note": undefined,
      "providerId": "openrouter",
      "providerLabel": "OpenRouter",
      "scopedDetailedLabel": "OpenRouter/Claude Opus 5",
      "scopedLabel": "OpenRouter/Claude Opus 5",
      "selectionKey": "anthropic/claude-opus-5",
      "vendorId": "anthropic",
      "vendorLabel": "Anthropic",
    },
    "encryption": "anthropic",
    "extendedCache": false,
    "highestThinkingLevel": "max",
    "id": "anthropic/claude-opus-5",
    "maxOutputTokens": 128000,
    "multimodal": true,
    "normalized": "claude-opus-5",
    "sealedSchema": "openrouter-chat",
    "thinking": true,
    "thinkingLevels": [
      "off",
      "low",
      "medium",
      "high",
      "xhigh",
      "max",
    ],
    "tierThinkingLevels": [
      "low",
      "medium",
      "high",
      "xhigh",
      "max",
    ],
    "transport": "chat",
    "webSearch": false,
  },
  "openrouter::anthropic/claude-sonnet-5": {
    "contextLength": 1000000,
    "describe": {
      "brandKey": "openrouter",
      "brandLabel": "OpenRouter",
      "compactModelDetailedLabel": "Sonnet 5",
      "compactModelLabel": "Sonnet 5",
      "compactScopedDetailedLabel": "OpenRouter/Sonnet 5",
      "compactScopedLabel": "OpenRouter/Sonnet 5",
      "configName": undefined,
      "groupId": undefined,
      "groupLabel": undefined,
      "modelDetailedLabel": "Claude Sonnet 5",
      "modelId": "anthropic/claude-sonnet-5",
      "modelLabel": "Claude Sonnet 5",
      "note": undefined,
      "providerId": "openrouter",
      "providerLabel": "OpenRouter",
      "scopedDetailedLabel": "OpenRouter/Claude Sonnet 5",
      "scopedLabel": "OpenRouter/Claude Sonnet 5",
      "selectionKey": "anthropic/claude-sonnet-5",
      "vendorId": "anthropic",
      "vendorLabel": "Anthropic",
    },
    "encryption": "anthropic",
    "extendedCache": false,
    "highestThinkingLevel": "max",
    "id": "anthropic/claude-sonnet-5",
    "maxOutputTokens": 128000,
    "multimodal": true,
    "normalized": "claude-sonnet-5",
    "sealedSchema": "openrouter-chat",
    "thinking": true,
    "thinkingLevels": [
      "off",
      "low",
      "medium",
      "high",
      "xhigh",
      "max",
    ],
    "tierThinkingLevels": [
      "low",
      "medium",
      "high",
      "xhigh",
      "max",
    ],
    "transport": "chat",
    "webSearch": false,
  },
  "openrouter::deepseek/deepseek-v4-flash": {
    "contextLength": 1000000,
    "describe": {
      "brandKey": "openrouter",
      "brandLabel": "OpenRouter",
      "compactModelDetailedLabel": "DeepSeek V4 Flash",
      "compactModelLabel": "DeepSeek V4 Flash",
      "compactScopedDetailedLabel": "OpenRouter/DeepSeek V4 Flash",
      "compactScopedLabel": "OpenRouter/DeepSeek V4 Flash",
      "configName": undefined,
      "groupId": undefined,
      "groupLabel": undefined,
      "modelDetailedLabel": "DeepSeek V4 Flash",
      "modelId": "deepseek/deepseek-v4-flash",
      "modelLabel": "DeepSeek V4 Flash",
      "note": undefined,
      "providerId": "openrouter",
      "providerLabel": "OpenRouter",
      "scopedDetailedLabel": "OpenRouter/DeepSeek V4 Flash",
      "scopedLabel": "OpenRouter/DeepSeek V4 Flash",
      "selectionKey": "deepseek/deepseek-v4-flash",
      "vendorId": "deepseek",
      "vendorLabel": "DeepSeek",
    },
    "encryption": "none",
    "extendedCache": false,
    "highestThinkingLevel": "max",
    "id": "deepseek/deepseek-v4-flash",
    "maxOutputTokens": 384000,
    "multimodal": false,
    "normalized": "deepseek-v4-flash",
    "sealedSchema": "openrouter-chat",
    "thinking": true,
    "thinkingLevels": [
      "off",
      "high",
      "max",
    ],
    "tierThinkingLevels": [
      "high",
      "max",
    ],
    "transport": "chat",
    "webSearch": false,
  },
  "openrouter::deepseek/deepseek-v4-pro": {
    "contextLength": 1000000,
    "describe": {
      "brandKey": "openrouter",
      "brandLabel": "OpenRouter",
      "compactModelDetailedLabel": "DeepSeek V4 Pro",
      "compactModelLabel": "DeepSeek V4 Pro",
      "compactScopedDetailedLabel": "OpenRouter/DeepSeek V4 Pro",
      "compactScopedLabel": "OpenRouter/DeepSeek V4 Pro",
      "configName": undefined,
      "groupId": undefined,
      "groupLabel": undefined,
      "modelDetailedLabel": "DeepSeek V4 Pro",
      "modelId": "deepseek/deepseek-v4-pro",
      "modelLabel": "DeepSeek V4 Pro",
      "note": undefined,
      "providerId": "openrouter",
      "providerLabel": "OpenRouter",
      "scopedDetailedLabel": "OpenRouter/DeepSeek V4 Pro",
      "scopedLabel": "OpenRouter/DeepSeek V4 Pro",
      "selectionKey": "deepseek/deepseek-v4-pro",
      "vendorId": "deepseek",
      "vendorLabel": "DeepSeek",
    },
    "encryption": "none",
    "extendedCache": false,
    "highestThinkingLevel": "max",
    "id": "deepseek/deepseek-v4-pro",
    "maxOutputTokens": 384000,
    "multimodal": false,
    "normalized": "deepseek-v4-pro",
    "sealedSchema": "openrouter-chat",
    "thinking": true,
    "thinkingLevels": [
      "off",
      "high",
      "max",
    ],
    "tierThinkingLevels": [
      "high",
      "max",
    ],
    "transport": "chat",
    "webSearch": false,
  },
  "openrouter::minimax/minimax-m3": {
    "contextLength": 1000000,
    "describe": {
      "brandKey": "openrouter",
      "brandLabel": "OpenRouter",
      "compactModelDetailedLabel": "MiniMax M3",
      "compactModelLabel": "MiniMax M3",
      "compactScopedDetailedLabel": "OpenRouter/MiniMax M3",
      "compactScopedLabel": "OpenRouter/MiniMax M3",
      "configName": undefined,
      "groupId": undefined,
      "groupLabel": undefined,
      "modelDetailedLabel": "MiniMax M3",
      "modelId": "minimax/minimax-m3",
      "modelLabel": "MiniMax M3",
      "note": undefined,
      "providerId": "openrouter",
      "providerLabel": "OpenRouter",
      "scopedDetailedLabel": "OpenRouter/MiniMax M3",
      "scopedLabel": "OpenRouter/MiniMax M3",
      "selectionKey": "minimax/minimax-m3",
      "vendorId": "minimax",
      "vendorLabel": "MiniMax",
    },
    "encryption": "none",
    "extendedCache": false,
    "highestThinkingLevel": "on",
    "id": "minimax/minimax-m3",
    "maxOutputTokens": 128000,
    "multimodal": true,
    "normalized": "minimax-m3",
    "sealedSchema": "openrouter-chat",
    "thinking": true,
    "thinkingLevels": [
      "off",
      "on",
    ],
    "tierThinkingLevels": [
      "on",
    ],
    "transport": "chat",
    "webSearch": false,
  },
  "openrouter::moonshotai/kimi-k2.7-code": {
    "contextLength": 262144,
    "describe": {
      "brandKey": "openrouter",
      "brandLabel": "OpenRouter",
      "compactModelDetailedLabel": "Kimi K2.7 Code",
      "compactModelLabel": "Kimi K2.7 Code",
      "compactScopedDetailedLabel": "OpenRouter/Kimi K2.7 Code",
      "compactScopedLabel": "OpenRouter/Kimi K2.7 Code",
      "configName": undefined,
      "groupId": undefined,
      "groupLabel": undefined,
      "modelDetailedLabel": "Kimi K2.7 Code",
      "modelId": "moonshotai/kimi-k2.7-code",
      "modelLabel": "Kimi K2.7 Code",
      "note": undefined,
      "providerId": "openrouter",
      "providerLabel": "OpenRouter",
      "scopedDetailedLabel": "OpenRouter/Kimi K2.7 Code",
      "scopedLabel": "OpenRouter/Kimi K2.7 Code",
      "selectionKey": "moonshotai/kimi-k2.7-code",
      "vendorId": "moonshotai",
      "vendorLabel": "Kimi",
    },
    "encryption": "none",
    "extendedCache": false,
    "highestThinkingLevel": "on",
    "id": "moonshotai/kimi-k2.7-code",
    "maxOutputTokens": 262144,
    "multimodal": true,
    "normalized": "kimi-k2.7-code",
    "sealedSchema": "openrouter-chat",
    "thinking": true,
    "thinkingLevels": [
      "on",
    ],
    "tierThinkingLevels": [
      "on",
    ],
    "transport": "chat",
    "webSearch": false,
  },
  "openrouter::moonshotai/kimi-k3": {
    "contextLength": 1048576,
    "describe": {
      "brandKey": "openrouter",
      "brandLabel": "OpenRouter",
      "compactModelDetailedLabel": "Kimi K3",
      "compactModelLabel": "Kimi K3",
      "compactScopedDetailedLabel": "OpenRouter/Kimi K3",
      "compactScopedLabel": "OpenRouter/Kimi K3",
      "configName": undefined,
      "groupId": undefined,
      "groupLabel": undefined,
      "modelDetailedLabel": "Kimi K3",
      "modelId": "moonshotai/kimi-k3",
      "modelLabel": "Kimi K3",
      "note": undefined,
      "providerId": "openrouter",
      "providerLabel": "OpenRouter",
      "scopedDetailedLabel": "OpenRouter/Kimi K3",
      "scopedLabel": "OpenRouter/Kimi K3",
      "selectionKey": "moonshotai/kimi-k3",
      "vendorId": "moonshotai",
      "vendorLabel": "Kimi",
    },
    "encryption": "none",
    "extendedCache": false,
    "highestThinkingLevel": "max",
    "id": "moonshotai/kimi-k3",
    "maxOutputTokens": 131072,
    "multimodal": true,
    "normalized": "kimi-k3",
    "sealedSchema": "openrouter-chat",
    "thinking": true,
    "thinkingLevels": [
      "off",
      "low",
      "high",
      "max",
    ],
    "tierThinkingLevels": [
      "low",
      "high",
      "max",
    ],
    "transport": "chat",
    "webSearch": false,
  },
  "openrouter::openai/gpt-5.6-luna": {
    "contextLength": 1050000,
    "describe": {
      "brandKey": "openrouter",
      "brandLabel": "OpenRouter",
      "compactModelDetailedLabel": "GPT-5.6 Luna",
      "compactModelLabel": "GPT-5.6 Luna",
      "compactScopedDetailedLabel": "OpenRouter/GPT-5.6 Luna",
      "compactScopedLabel": "OpenRouter/GPT-5.6 Luna",
      "configName": undefined,
      "groupId": undefined,
      "groupLabel": undefined,
      "modelDetailedLabel": "GPT-5.6 Luna",
      "modelId": "openai/gpt-5.6-luna",
      "modelLabel": "GPT-5.6 Luna",
      "note": undefined,
      "providerId": "openrouter",
      "providerLabel": "OpenRouter",
      "scopedDetailedLabel": "OpenRouter/GPT-5.6 Luna",
      "scopedLabel": "OpenRouter/GPT-5.6 Luna",
      "selectionKey": "openai/gpt-5.6-luna",
      "vendorId": "openai",
      "vendorLabel": "OpenAI",
    },
    "encryption": "openai",
    "extendedCache": false,
    "highestThinkingLevel": "max",
    "id": "openai/gpt-5.6-luna",
    "maxOutputTokens": 128000,
    "multimodal": true,
    "normalized": "gpt-5.6-luna",
    "sealedSchema": "openrouter-chat",
    "thinking": true,
    "thinkingLevels": [
      "none",
      "low",
      "medium",
      "high",
      "xhigh",
      "max",
    ],
    "tierThinkingLevels": [
      "low",
      "medium",
      "high",
      "xhigh",
      "max",
    ],
    "transport": "chat",
    "webSearch": false,
  },
  "openrouter::openai/gpt-5.6-sol": {
    "contextLength": 1050000,
    "describe": {
      "brandKey": "openrouter",
      "brandLabel": "OpenRouter",
      "compactModelDetailedLabel": "GPT-5.6 Sol",
      "compactModelLabel": "GPT-5.6 Sol",
      "compactScopedDetailedLabel": "OpenRouter/GPT-5.6 Sol",
      "compactScopedLabel": "OpenRouter/GPT-5.6 Sol",
      "configName": undefined,
      "groupId": undefined,
      "groupLabel": undefined,
      "modelDetailedLabel": "GPT-5.6 Sol",
      "modelId": "openai/gpt-5.6-sol",
      "modelLabel": "GPT-5.6 Sol",
      "note": undefined,
      "providerId": "openrouter",
      "providerLabel": "OpenRouter",
      "scopedDetailedLabel": "OpenRouter/GPT-5.6 Sol",
      "scopedLabel": "OpenRouter/GPT-5.6 Sol",
      "selectionKey": "openai/gpt-5.6-sol",
      "vendorId": "openai",
      "vendorLabel": "OpenAI",
    },
    "encryption": "openai",
    "extendedCache": false,
    "highestThinkingLevel": "max",
    "id": "openai/gpt-5.6-sol",
    "maxOutputTokens": 128000,
    "multimodal": true,
    "normalized": "gpt-5.6-sol",
    "sealedSchema": "openrouter-chat",
    "thinking": true,
    "thinkingLevels": [
      "none",
      "low",
      "medium",
      "high",
      "xhigh",
      "max",
    ],
    "tierThinkingLevels": [
      "low",
      "medium",
      "high",
      "xhigh",
      "max",
    ],
    "transport": "chat",
    "webSearch": false,
  },
  "openrouter::openai/gpt-5.6-terra": {
    "contextLength": 1050000,
    "describe": {
      "brandKey": "openrouter",
      "brandLabel": "OpenRouter",
      "compactModelDetailedLabel": "GPT-5.6 Terra",
      "compactModelLabel": "GPT-5.6 Terra",
      "compactScopedDetailedLabel": "OpenRouter/GPT-5.6 Terra",
      "compactScopedLabel": "OpenRouter/GPT-5.6 Terra",
      "configName": undefined,
      "groupId": undefined,
      "groupLabel": undefined,
      "modelDetailedLabel": "GPT-5.6 Terra",
      "modelId": "openai/gpt-5.6-terra",
      "modelLabel": "GPT-5.6 Terra",
      "note": undefined,
      "providerId": "openrouter",
      "providerLabel": "OpenRouter",
      "scopedDetailedLabel": "OpenRouter/GPT-5.6 Terra",
      "scopedLabel": "OpenRouter/GPT-5.6 Terra",
      "selectionKey": "openai/gpt-5.6-terra",
      "vendorId": "openai",
      "vendorLabel": "OpenAI",
    },
    "encryption": "openai",
    "extendedCache": false,
    "highestThinkingLevel": "max",
    "id": "openai/gpt-5.6-terra",
    "maxOutputTokens": 128000,
    "multimodal": true,
    "normalized": "gpt-5.6-terra",
    "sealedSchema": "openrouter-chat",
    "thinking": true,
    "thinkingLevels": [
      "none",
      "low",
      "medium",
      "high",
      "xhigh",
      "max",
    ],
    "tierThinkingLevels": [
      "low",
      "medium",
      "high",
      "xhigh",
      "max",
    ],
    "transport": "chat",
    "webSearch": false,
  },
  "openrouter::qwen/qwen3.7-flash": {
    "contextLength": 1000000,
    "describe": {
      "brandKey": "openrouter",
      "brandLabel": "OpenRouter",
      "compactModelDetailedLabel": "Qwen3.7 Flash",
      "compactModelLabel": "Qwen3.7 Flash",
      "compactScopedDetailedLabel": "OpenRouter/Qwen3.7 Flash",
      "compactScopedLabel": "OpenRouter/Qwen3.7 Flash",
      "configName": undefined,
      "groupId": undefined,
      "groupLabel": undefined,
      "modelDetailedLabel": "Qwen3.7 Flash",
      "modelId": "qwen/qwen3.7-flash",
      "modelLabel": "Qwen3.7 Flash",
      "note": undefined,
      "providerId": "openrouter",
      "providerLabel": "OpenRouter",
      "scopedDetailedLabel": "OpenRouter/Qwen3.7 Flash",
      "scopedLabel": "OpenRouter/Qwen3.7 Flash",
      "selectionKey": "qwen/qwen3.7-flash",
      "vendorId": "qwen",
      "vendorLabel": "Qwen",
    },
    "encryption": "none",
    "extendedCache": false,
    "highestThinkingLevel": "on",
    "id": "qwen/qwen3.7-flash",
    "maxOutputTokens": 65536,
    "multimodal": true,
    "normalized": "qwen3.7-flash",
    "sealedSchema": "openrouter-chat",
    "thinking": true,
    "thinkingLevels": [
      "off",
      "on",
    ],
    "tierThinkingLevels": [
      "on",
    ],
    "transport": "chat",
    "webSearch": false,
  },
  "openrouter::qwen/qwen3.7-max": {
    "contextLength": 1000000,
    "describe": {
      "brandKey": "openrouter",
      "brandLabel": "OpenRouter",
      "compactModelDetailedLabel": "Qwen3.7 Max",
      "compactModelLabel": "Qwen3.7 Max",
      "compactScopedDetailedLabel": "OpenRouter/Qwen3.7 Max",
      "compactScopedLabel": "OpenRouter/Qwen3.7 Max",
      "configName": undefined,
      "groupId": undefined,
      "groupLabel": undefined,
      "modelDetailedLabel": "Qwen3.7 Max",
      "modelId": "qwen/qwen3.7-max",
      "modelLabel": "Qwen3.7 Max",
      "note": undefined,
      "providerId": "openrouter",
      "providerLabel": "OpenRouter",
      "scopedDetailedLabel": "OpenRouter/Qwen3.7 Max",
      "scopedLabel": "OpenRouter/Qwen3.7 Max",
      "selectionKey": "qwen/qwen3.7-max",
      "vendorId": "qwen",
      "vendorLabel": "Qwen",
    },
    "encryption": "none",
    "extendedCache": false,
    "highestThinkingLevel": "on",
    "id": "qwen/qwen3.7-max",
    "maxOutputTokens": 65536,
    "multimodal": false,
    "normalized": "qwen3.7-max",
    "sealedSchema": "openrouter-chat",
    "thinking": true,
    "thinkingLevels": [
      "off",
      "on",
    ],
    "tierThinkingLevels": [
      "on",
    ],
    "transport": "chat",
    "webSearch": false,
  },
  "openrouter::qwen/qwen3.7-plus": {
    "contextLength": 1000000,
    "describe": {
      "brandKey": "openrouter",
      "brandLabel": "OpenRouter",
      "compactModelDetailedLabel": "Qwen3.7 Plus",
      "compactModelLabel": "Qwen3.7 Plus",
      "compactScopedDetailedLabel": "OpenRouter/Qwen3.7 Plus",
      "compactScopedLabel": "OpenRouter/Qwen3.7 Plus",
      "configName": undefined,
      "groupId": undefined,
      "groupLabel": undefined,
      "modelDetailedLabel": "Qwen3.7 Plus",
      "modelId": "qwen/qwen3.7-plus",
      "modelLabel": "Qwen3.7 Plus",
      "note": undefined,
      "providerId": "openrouter",
      "providerLabel": "OpenRouter",
      "scopedDetailedLabel": "OpenRouter/Qwen3.7 Plus",
      "scopedLabel": "OpenRouter/Qwen3.7 Plus",
      "selectionKey": "qwen/qwen3.7-plus",
      "vendorId": "qwen",
      "vendorLabel": "Qwen",
    },
    "encryption": "none",
    "extendedCache": false,
    "highestThinkingLevel": "on",
    "id": "qwen/qwen3.7-plus",
    "maxOutputTokens": 65536,
    "multimodal": true,
    "normalized": "qwen3.7-plus",
    "sealedSchema": "openrouter-chat",
    "thinking": true,
    "thinkingLevels": [
      "off",
      "on",
    ],
    "tierThinkingLevels": [
      "on",
    ],
    "transport": "chat",
    "webSearch": false,
  },
  "openrouter::xiaomi/mimo-v2.5": {
    "contextLength": 1048576,
    "describe": {
      "brandKey": "openrouter",
      "brandLabel": "OpenRouter",
      "compactModelDetailedLabel": "MiMo V2.5",
      "compactModelLabel": "MiMo V2.5",
      "compactScopedDetailedLabel": "OpenRouter/MiMo V2.5",
      "compactScopedLabel": "OpenRouter/MiMo V2.5",
      "configName": undefined,
      "groupId": undefined,
      "groupLabel": undefined,
      "modelDetailedLabel": "MiMo V2.5",
      "modelId": "xiaomi/mimo-v2.5",
      "modelLabel": "MiMo V2.5",
      "note": undefined,
      "providerId": "openrouter",
      "providerLabel": "OpenRouter",
      "scopedDetailedLabel": "OpenRouter/MiMo V2.5",
      "scopedLabel": "OpenRouter/MiMo V2.5",
      "selectionKey": "xiaomi/mimo-v2.5",
      "vendorId": "xiaomi",
      "vendorLabel": "MiMo",
    },
    "encryption": "none",
    "extendedCache": false,
    "highestThinkingLevel": "on",
    "id": "xiaomi/mimo-v2.5",
    "maxOutputTokens": 131072,
    "multimodal": true,
    "normalized": "mimo-v2.5",
    "sealedSchema": "openrouter-chat",
    "thinking": true,
    "thinkingLevels": [
      "off",
      "on",
    ],
    "tierThinkingLevels": [
      "on",
    ],
    "transport": "chat",
    "webSearch": false,
  },
  "openrouter::xiaomi/mimo-v2.5-pro": {
    "contextLength": 1048576,
    "describe": {
      "brandKey": "openrouter",
      "brandLabel": "OpenRouter",
      "compactModelDetailedLabel": "MiMo V2.5 Pro",
      "compactModelLabel": "MiMo V2.5 Pro",
      "compactScopedDetailedLabel": "OpenRouter/MiMo V2.5 Pro",
      "compactScopedLabel": "OpenRouter/MiMo V2.5 Pro",
      "configName": undefined,
      "groupId": undefined,
      "groupLabel": undefined,
      "modelDetailedLabel": "MiMo V2.5 Pro",
      "modelId": "xiaomi/mimo-v2.5-pro",
      "modelLabel": "MiMo V2.5 Pro",
      "note": undefined,
      "providerId": "openrouter",
      "providerLabel": "OpenRouter",
      "scopedDetailedLabel": "OpenRouter/MiMo V2.5 Pro",
      "scopedLabel": "OpenRouter/MiMo V2.5 Pro",
      "selectionKey": "xiaomi/mimo-v2.5-pro",
      "vendorId": "xiaomi",
      "vendorLabel": "MiMo",
    },
    "encryption": "none",
    "extendedCache": false,
    "highestThinkingLevel": "on",
    "id": "xiaomi/mimo-v2.5-pro",
    "maxOutputTokens": 131072,
    "multimodal": false,
    "normalized": "mimo-v2.5-pro",
    "sealedSchema": "openrouter-chat",
    "thinking": true,
    "thinkingLevels": [
      "off",
      "on",
    ],
    "tierThinkingLevels": [
      "on",
    ],
    "transport": "chat",
    "webSearch": false,
  },
  "openrouter::z-ai/glm-5.2": {
    "contextLength": 1000000,
    "describe": {
      "brandKey": "openrouter",
      "brandLabel": "OpenRouter",
      "compactModelDetailedLabel": "GLM-5.2",
      "compactModelLabel": "GLM-5.2",
      "compactScopedDetailedLabel": "OpenRouter/GLM-5.2",
      "compactScopedLabel": "OpenRouter/GLM-5.2",
      "configName": undefined,
      "groupId": undefined,
      "groupLabel": undefined,
      "modelDetailedLabel": "GLM-5.2",
      "modelId": "z-ai/glm-5.2",
      "modelLabel": "GLM-5.2",
      "note": undefined,
      "providerId": "openrouter",
      "providerLabel": "OpenRouter",
      "scopedDetailedLabel": "OpenRouter/GLM-5.2",
      "scopedLabel": "OpenRouter/GLM-5.2",
      "selectionKey": "z-ai/glm-5.2",
      "vendorId": "z-ai",
      "vendorLabel": "GLM / Zhipu",
    },
    "encryption": "none",
    "extendedCache": false,
    "highestThinkingLevel": "max",
    "id": "z-ai/glm-5.2",
    "maxOutputTokens": 131072,
    "multimodal": false,
    "normalized": "glm-5.2",
    "sealedSchema": "openrouter-chat",
    "thinking": true,
    "thinkingLevels": [
      "high",
      "max",
    ],
    "tierThinkingLevels": [
      "high",
      "max",
    ],
    "transport": "chat",
    "webSearch": false,
  },
  "qwen-intl::qwen3.7-flash": {
    "contextLength": 1000000,
    "describe": {
      "brandKey": "qwen",
      "brandLabel": "Qwen",
      "compactModelDetailedLabel": "Qwen3.7 Flash",
      "compactModelLabel": "Qwen3.7 Flash",
      "compactScopedDetailedLabel": "Qwen Intl/Qwen3.7 Flash",
      "compactScopedLabel": "Qwen Intl/Qwen3.7 Flash",
      "configName": undefined,
      "groupId": "qwen",
      "groupLabel": "Qwen",
      "modelDetailedLabel": "Qwen3.7 Flash",
      "modelId": "qwen3.7-flash",
      "modelLabel": "Qwen3.7 Flash",
      "note": undefined,
      "providerId": "qwen-intl",
      "providerLabel": "Qwen Intl",
      "scopedDetailedLabel": "Qwen Intl/Qwen3.7 Flash",
      "scopedLabel": "Qwen Intl/Qwen3.7 Flash",
      "selectionKey": "qwen3.7-flash",
      "vendorId": undefined,
      "vendorLabel": undefined,
    },
    "encryption": "none",
    "extendedCache": false,
    "highestThinkingLevel": "on",
    "id": "qwen3.7-flash",
    "maxOutputTokens": 65536,
    "multimodal": true,
    "normalized": "qwen3.7-flash",
    "sealedSchema": null,
    "thinking": true,
    "thinkingLevels": [
      "off",
      "on",
    ],
    "tierThinkingLevels": [
      "on",
    ],
    "transport": "responses",
    "webSearch": true,
  },
  "qwen-intl::qwen3.7-max": {
    "contextLength": 1000000,
    "describe": {
      "brandKey": "qwen",
      "brandLabel": "Qwen",
      "compactModelDetailedLabel": "Qwen3.7 Max",
      "compactModelLabel": "Qwen3.7 Max",
      "compactScopedDetailedLabel": "Qwen Intl/Qwen3.7 Max",
      "compactScopedLabel": "Qwen Intl/Qwen3.7 Max",
      "configName": undefined,
      "groupId": "qwen",
      "groupLabel": "Qwen",
      "modelDetailedLabel": "Qwen3.7 Max",
      "modelId": "qwen3.7-max",
      "modelLabel": "Qwen3.7 Max",
      "note": undefined,
      "providerId": "qwen-intl",
      "providerLabel": "Qwen Intl",
      "scopedDetailedLabel": "Qwen Intl/Qwen3.7 Max",
      "scopedLabel": "Qwen Intl/Qwen3.7 Max",
      "selectionKey": "qwen3.7-max",
      "vendorId": undefined,
      "vendorLabel": undefined,
    },
    "encryption": "none",
    "extendedCache": false,
    "highestThinkingLevel": "on",
    "id": "qwen3.7-max",
    "maxOutputTokens": 65536,
    "multimodal": false,
    "normalized": "qwen3.7-max",
    "sealedSchema": null,
    "thinking": true,
    "thinkingLevels": [
      "off",
      "on",
    ],
    "tierThinkingLevels": [
      "on",
    ],
    "transport": "responses",
    "webSearch": true,
  },
  "qwen-intl::qwen3.7-plus": {
    "contextLength": 1000000,
    "describe": {
      "brandKey": "qwen",
      "brandLabel": "Qwen",
      "compactModelDetailedLabel": "Qwen3.7 Plus",
      "compactModelLabel": "Qwen3.7 Plus",
      "compactScopedDetailedLabel": "Qwen Intl/Qwen3.7 Plus",
      "compactScopedLabel": "Qwen Intl/Qwen3.7 Plus",
      "configName": undefined,
      "groupId": "qwen",
      "groupLabel": "Qwen",
      "modelDetailedLabel": "Qwen3.7 Plus",
      "modelId": "qwen3.7-plus",
      "modelLabel": "Qwen3.7 Plus",
      "note": undefined,
      "providerId": "qwen-intl",
      "providerLabel": "Qwen Intl",
      "scopedDetailedLabel": "Qwen Intl/Qwen3.7 Plus",
      "scopedLabel": "Qwen Intl/Qwen3.7 Plus",
      "selectionKey": "qwen3.7-plus",
      "vendorId": undefined,
      "vendorLabel": undefined,
    },
    "encryption": "none",
    "extendedCache": false,
    "highestThinkingLevel": "on",
    "id": "qwen3.7-plus",
    "maxOutputTokens": 65536,
    "multimodal": true,
    "normalized": "qwen3.7-plus",
    "sealedSchema": null,
    "thinking": true,
    "thinkingLevels": [
      "off",
      "on",
    ],
    "tierThinkingLevels": [
      "on",
    ],
    "transport": "responses",
    "webSearch": true,
  },
  "qwen-us::qwen3.7-flash": {
    "contextLength": 1000000,
    "describe": {
      "brandKey": "qwen",
      "brandLabel": "Qwen",
      "compactModelDetailedLabel": "Qwen3.7 Flash",
      "compactModelLabel": "Qwen3.7 Flash",
      "compactScopedDetailedLabel": "Qwen US/Qwen3.7 Flash",
      "compactScopedLabel": "Qwen US/Qwen3.7 Flash",
      "configName": undefined,
      "groupId": "qwen",
      "groupLabel": "Qwen",
      "modelDetailedLabel": "Qwen3.7 Flash",
      "modelId": "qwen3.7-flash",
      "modelLabel": "Qwen3.7 Flash",
      "note": undefined,
      "providerId": "qwen-us",
      "providerLabel": "Qwen US",
      "scopedDetailedLabel": "Qwen US/Qwen3.7 Flash",
      "scopedLabel": "Qwen US/Qwen3.7 Flash",
      "selectionKey": "qwen3.7-flash",
      "vendorId": undefined,
      "vendorLabel": undefined,
    },
    "encryption": "none",
    "extendedCache": false,
    "highestThinkingLevel": "on",
    "id": "qwen3.7-flash",
    "maxOutputTokens": 65536,
    "multimodal": true,
    "normalized": "qwen3.7-flash",
    "sealedSchema": null,
    "thinking": true,
    "thinkingLevels": [
      "off",
      "on",
    ],
    "tierThinkingLevels": [
      "on",
    ],
    "transport": "responses",
    "webSearch": true,
  },
  "qwen-us::qwen3.7-max": {
    "contextLength": 1000000,
    "describe": {
      "brandKey": "qwen",
      "brandLabel": "Qwen",
      "compactModelDetailedLabel": "Qwen3.7 Max",
      "compactModelLabel": "Qwen3.7 Max",
      "compactScopedDetailedLabel": "Qwen US/Qwen3.7 Max",
      "compactScopedLabel": "Qwen US/Qwen3.7 Max",
      "configName": undefined,
      "groupId": "qwen",
      "groupLabel": "Qwen",
      "modelDetailedLabel": "Qwen3.7 Max",
      "modelId": "qwen3.7-max",
      "modelLabel": "Qwen3.7 Max",
      "note": undefined,
      "providerId": "qwen-us",
      "providerLabel": "Qwen US",
      "scopedDetailedLabel": "Qwen US/Qwen3.7 Max",
      "scopedLabel": "Qwen US/Qwen3.7 Max",
      "selectionKey": "qwen3.7-max",
      "vendorId": undefined,
      "vendorLabel": undefined,
    },
    "encryption": "none",
    "extendedCache": false,
    "highestThinkingLevel": "on",
    "id": "qwen3.7-max",
    "maxOutputTokens": 65536,
    "multimodal": false,
    "normalized": "qwen3.7-max",
    "sealedSchema": null,
    "thinking": true,
    "thinkingLevels": [
      "off",
      "on",
    ],
    "tierThinkingLevels": [
      "on",
    ],
    "transport": "responses",
    "webSearch": true,
  },
  "qwen-us::qwen3.7-plus": {
    "contextLength": 1000000,
    "describe": {
      "brandKey": "qwen",
      "brandLabel": "Qwen",
      "compactModelDetailedLabel": "Qwen3.7 Plus",
      "compactModelLabel": "Qwen3.7 Plus",
      "compactScopedDetailedLabel": "Qwen US/Qwen3.7 Plus",
      "compactScopedLabel": "Qwen US/Qwen3.7 Plus",
      "configName": undefined,
      "groupId": "qwen",
      "groupLabel": "Qwen",
      "modelDetailedLabel": "Qwen3.7 Plus",
      "modelId": "qwen3.7-plus",
      "modelLabel": "Qwen3.7 Plus",
      "note": undefined,
      "providerId": "qwen-us",
      "providerLabel": "Qwen US",
      "scopedDetailedLabel": "Qwen US/Qwen3.7 Plus",
      "scopedLabel": "Qwen US/Qwen3.7 Plus",
      "selectionKey": "qwen3.7-plus",
      "vendorId": undefined,
      "vendorLabel": undefined,
    },
    "encryption": "none",
    "extendedCache": false,
    "highestThinkingLevel": "on",
    "id": "qwen3.7-plus",
    "maxOutputTokens": 65536,
    "multimodal": true,
    "normalized": "qwen3.7-plus",
    "sealedSchema": null,
    "thinking": true,
    "thinkingLevels": [
      "off",
      "on",
    ],
    "tierThinkingLevels": [
      "on",
    ],
    "transport": "responses",
    "webSearch": true,
  },
  "qwen::qwen3.7-flash": {
    "contextLength": 1000000,
    "describe": {
      "brandKey": "qwen",
      "brandLabel": "Qwen",
      "compactModelDetailedLabel": "Qwen3.7 Flash",
      "compactModelLabel": "Qwen3.7 Flash",
      "compactScopedDetailedLabel": "Qwen China/Qwen3.7 Flash",
      "compactScopedLabel": "Qwen China/Qwen3.7 Flash",
      "configName": undefined,
      "groupId": "qwen",
      "groupLabel": "Qwen",
      "modelDetailedLabel": "Qwen3.7 Flash",
      "modelId": "qwen3.7-flash",
      "modelLabel": "Qwen3.7 Flash",
      "note": undefined,
      "providerId": "qwen",
      "providerLabel": "Qwen China",
      "scopedDetailedLabel": "Qwen China/Qwen3.7 Flash",
      "scopedLabel": "Qwen China/Qwen3.7 Flash",
      "selectionKey": "qwen3.7-flash",
      "vendorId": undefined,
      "vendorLabel": undefined,
    },
    "encryption": "none",
    "extendedCache": false,
    "highestThinkingLevel": "on",
    "id": "qwen3.7-flash",
    "maxOutputTokens": 65536,
    "multimodal": true,
    "normalized": "qwen3.7-flash",
    "sealedSchema": null,
    "thinking": true,
    "thinkingLevels": [
      "off",
      "on",
    ],
    "tierThinkingLevels": [
      "on",
    ],
    "transport": "responses",
    "webSearch": true,
  },
  "qwen::qwen3.7-max": {
    "contextLength": 1000000,
    "describe": {
      "brandKey": "qwen",
      "brandLabel": "Qwen",
      "compactModelDetailedLabel": "Qwen3.7 Max",
      "compactModelLabel": "Qwen3.7 Max",
      "compactScopedDetailedLabel": "Qwen China/Qwen3.7 Max",
      "compactScopedLabel": "Qwen China/Qwen3.7 Max",
      "configName": undefined,
      "groupId": "qwen",
      "groupLabel": "Qwen",
      "modelDetailedLabel": "Qwen3.7 Max",
      "modelId": "qwen3.7-max",
      "modelLabel": "Qwen3.7 Max",
      "note": undefined,
      "providerId": "qwen",
      "providerLabel": "Qwen China",
      "scopedDetailedLabel": "Qwen China/Qwen3.7 Max",
      "scopedLabel": "Qwen China/Qwen3.7 Max",
      "selectionKey": "qwen3.7-max",
      "vendorId": undefined,
      "vendorLabel": undefined,
    },
    "encryption": "none",
    "extendedCache": false,
    "highestThinkingLevel": "on",
    "id": "qwen3.7-max",
    "maxOutputTokens": 65536,
    "multimodal": false,
    "normalized": "qwen3.7-max",
    "sealedSchema": null,
    "thinking": true,
    "thinkingLevels": [
      "off",
      "on",
    ],
    "tierThinkingLevels": [
      "on",
    ],
    "transport": "responses",
    "webSearch": true,
  },
  "qwen::qwen3.7-plus": {
    "contextLength": 1000000,
    "describe": {
      "brandKey": "qwen",
      "brandLabel": "Qwen",
      "compactModelDetailedLabel": "Qwen3.7 Plus",
      "compactModelLabel": "Qwen3.7 Plus",
      "compactScopedDetailedLabel": "Qwen China/Qwen3.7 Plus",
      "compactScopedLabel": "Qwen China/Qwen3.7 Plus",
      "configName": undefined,
      "groupId": "qwen",
      "groupLabel": "Qwen",
      "modelDetailedLabel": "Qwen3.7 Plus",
      "modelId": "qwen3.7-plus",
      "modelLabel": "Qwen3.7 Plus",
      "note": undefined,
      "providerId": "qwen",
      "providerLabel": "Qwen China",
      "scopedDetailedLabel": "Qwen China/Qwen3.7 Plus",
      "scopedLabel": "Qwen China/Qwen3.7 Plus",
      "selectionKey": "qwen3.7-plus",
      "vendorId": undefined,
      "vendorLabel": undefined,
    },
    "encryption": "none",
    "extendedCache": false,
    "highestThinkingLevel": "on",
    "id": "qwen3.7-plus",
    "maxOutputTokens": 65536,
    "multimodal": true,
    "normalized": "qwen3.7-plus",
    "sealedSchema": null,
    "thinking": true,
    "thinkingLevels": [
      "off",
      "on",
    ],
    "tierThinkingLevels": [
      "on",
    ],
    "transport": "responses",
    "webSearch": true,
  },
  "xiaomi::mimo-v2.5": {
    "contextLength": 1048576,
    "describe": {
      "brandKey": "xiaomi",
      "brandLabel": "MiMo",
      "compactModelDetailedLabel": "MiMo V2.5",
      "compactModelLabel": "MiMo V2.5",
      "compactScopedDetailedLabel": "Xiaomi (MiMo)/MiMo V2.5",
      "compactScopedLabel": "Xiaomi (MiMo)/MiMo V2.5",
      "configName": undefined,
      "groupId": undefined,
      "groupLabel": undefined,
      "modelDetailedLabel": "MiMo V2.5",
      "modelId": "mimo-v2.5",
      "modelLabel": "MiMo V2.5",
      "note": undefined,
      "providerId": "xiaomi",
      "providerLabel": "Xiaomi (MiMo)",
      "scopedDetailedLabel": "Xiaomi (MiMo)/MiMo V2.5",
      "scopedLabel": "Xiaomi (MiMo)/MiMo V2.5",
      "selectionKey": "mimo-v2.5",
      "vendorId": undefined,
      "vendorLabel": undefined,
    },
    "encryption": "none",
    "extendedCache": false,
    "highestThinkingLevel": "on",
    "id": "mimo-v2.5",
    "maxOutputTokens": 131072,
    "multimodal": true,
    "normalized": "mimo-v2.5",
    "sealedSchema": null,
    "thinking": true,
    "thinkingLevels": [
      "off",
      "on",
    ],
    "tierThinkingLevels": [
      "on",
    ],
    "transport": "anthropic",
    "webSearch": false,
  },
  "xiaomi::mimo-v2.5-pro": {
    "contextLength": 1048576,
    "describe": {
      "brandKey": "xiaomi",
      "brandLabel": "MiMo",
      "compactModelDetailedLabel": "MiMo V2.5 Pro",
      "compactModelLabel": "MiMo V2.5 Pro",
      "compactScopedDetailedLabel": "Xiaomi (MiMo)/MiMo V2.5 Pro",
      "compactScopedLabel": "Xiaomi (MiMo)/MiMo V2.5 Pro",
      "configName": undefined,
      "groupId": undefined,
      "groupLabel": undefined,
      "modelDetailedLabel": "MiMo V2.5 Pro",
      "modelId": "mimo-v2.5-pro",
      "modelLabel": "MiMo V2.5 Pro",
      "note": undefined,
      "providerId": "xiaomi",
      "providerLabel": "Xiaomi (MiMo)",
      "scopedDetailedLabel": "Xiaomi (MiMo)/MiMo V2.5 Pro",
      "scopedLabel": "Xiaomi (MiMo)/MiMo V2.5 Pro",
      "selectionKey": "mimo-v2.5-pro",
      "vendorId": undefined,
      "vendorLabel": undefined,
    },
    "encryption": "none",
    "extendedCache": false,
    "highestThinkingLevel": "on",
    "id": "mimo-v2.5-pro",
    "maxOutputTokens": 131072,
    "multimodal": false,
    "normalized": "mimo-v2.5-pro",
    "sealedSchema": null,
    "thinking": true,
    "thinkingLevels": [
      "off",
      "on",
    ],
    "tierThinkingLevels": [
      "on",
    ],
    "transport": "anthropic",
    "webSearch": false,
  },
}
`;

exports[`model/provider derivation characterization (Phase 0 baseline) freezes per-provider default base url 1`] = `
{
  "anthropic": "https://api.anthropic.com",
  "copilot": null,
  "deepseek": "https://api.deepseek.com/anthropic",
  "glm": "https://open.bigmodel.cn/api/paas/v4",
  "glm-code": "https://open.bigmodel.cn/api/coding/paas/v4",
  "glm-intl": "https://api.z.ai/api/paas/v4",
  "glm-intl-code": "https://api.z.ai/api/coding/paas/v4",
  "kimi": "https://api.moonshot.ai/anthropic",
  "kimi-cn": "https://api.moonshot.cn/anthropic",
  "kimi-code": "https://api.kimi.com/coding",
  "lmstudio": "http://localhost:1234/v1",
  "minimax": "https://api.minimax.io/anthropic",
  "minimax-cn": "https://api.minimaxi.com/anthropic",
  "ollama": "http://localhost:11434/v1",
  "omlx": "http://localhost:8000/v1",
  "openai": "https://api.openai.com/v1",
  "openai-codex": "https://chatgpt.com/backend-api/codex",
  "openrouter": "https://openrouter.ai/api/v1",
  "qwen": "https://dashscope.aliyuncs.com/api/v2/apps/protocols/compatible-mode/v1",
  "qwen-intl": "https://dashscope-intl.aliyuncs.com/api/v2/apps/protocols/compatible-mode/v1",
  "qwen-us": "https://dashscope-us.aliyuncs.com/api/v2/apps/protocols/compatible-mode/v1",
  "xiaomi": "https://api.xiaomimimo.com/anthropic",
}
`;
