// Bun Snapshot v1, https://bun.sh/docs/test/snapshots

exports[`provider registry characterization (Phase 2 baseline) freezes PROVIDER_PRESETS structure 1`] = `
[
  {
    "envVar": "ANTHROPIC_API_KEY",
    "id": "anthropic",
    "models": [
      {
        "id": "claude-haiku-4-5",
        "key": "claude-haiku-4-5",
        "label": "Claude Haiku 4.5",
      },
      {
        "id": "claude-fable-5",
        "key": "claude-fable-5",
        "label": "Claude Fable 5",
      },
      {
        "id": "claude-sonnet-5",
        "key": "claude-sonnet-5",
        "label": "Claude Sonnet 5",
      },
      {
        "id": "claude-opus-5",
        "key": "claude-opus-5",
        "label": "Claude Opus 5",
      },
    ],
    "name": "Anthropic (Claude)",
  },
  {
    "envVar": "OPENAI_API_KEY",
    "id": "openai",
    "models": [
      {
        "id": "gpt-5.6-sol",
        "key": "gpt-5.6-sol",
        "label": "GPT-5.6 Sol",
      },
      {
        "id": "gpt-5.6-terra",
        "key": "gpt-5.6-terra",
        "label": "GPT-5.6 Terra",
      },
      {
        "id": "gpt-5.6-luna",
        "key": "gpt-5.6-luna",
        "label": "GPT-5.6 Luna",
      },
    ],
    "name": "OpenAI",
  },
  {
    "envVar": "_OPENAI_CODEX_OAUTH",
    "id": "openai-codex",
    "models": [
      {
        "config": {
          "context_length": 400000,
          "store": false,
          "supports_web_search": false,
        },
        "id": "gpt-5.6-sol",
        "key": "gpt-5.6-sol",
        "label": "GPT-5.6 Sol",
      },
      {
        "config": {
          "context_length": 400000,
          "store": false,
          "supports_web_search": false,
        },
        "id": "gpt-5.6-terra",
        "key": "gpt-5.6-terra",
        "label": "GPT-5.6 Terra",
      },
      {
        "config": {
          "context_length": 400000,
          "store": false,
          "supports_web_search": false,
        },
        "id": "gpt-5.6-luna",
        "key": "gpt-5.6-luna",
        "label": "GPT-5.6 Luna",
      },
    ],
    "name": "OpenAI (ChatGPT Login)",
  },
  {
    "envVar": "_COPILOT_OAUTH",
    "id": "copilot",
    "models": [
      {
        "config": {
          "supports_web_search": false,
        },
        "id": "claude-fable-5",
        "key": "claude-fable-5",
        "label": "Claude Fable 5",
      },
      {
        "config": {
          "supports_web_search": false,
        },
        "id": "claude-sonnet-5",
        "key": "claude-sonnet-5",
        "label": "Claude Sonnet 5",
      },
      {
        "config": {
          "supports_web_search": false,
        },
        "id": "claude-opus-5",
        "key": "claude-opus-5",
        "label": "Claude Opus 5",
      },
      {
        "config": {
          "store": false,
          "supports_web_search": false,
        },
        "id": "gpt-5.6-sol",
        "key": "gpt-5.6-sol",
        "label": "GPT-5.6 Sol",
      },
      {
        "config": {
          "store": false,
          "supports_web_search": false,
        },
        "id": "gpt-5.6-terra",
        "key": "gpt-5.6-terra",
        "label": "GPT-5.6 Terra",
      },
      {
        "config": {
          "store": false,
          "supports_web_search": false,
        },
        "id": "gpt-5.6-luna",
        "key": "gpt-5.6-luna",
        "label": "GPT-5.6 Luna",
      },
    ],
    "name": "GitHub Copilot",
  },
  {
    "envVar": "FERMI_QWEN_API_KEY",
    "group": "qwen",
    "groupLabel": "Qwen",
    "id": "qwen",
    "models": [
      {
        "id": "qwen3.7-flash",
        "key": "qwen3.7-flash",
        "label": "Qwen3.7 Flash",
      },
      {
        "id": "qwen3.7-plus",
        "key": "qwen3.7-plus",
        "label": "Qwen3.7 Plus",
      },
      {
        "id": "qwen3.7-max",
        "key": "qwen3.7-max",
        "label": "Qwen3.7 Max",
      },
    ],
    "name": "Qwen / DashScope (China)",
    "subLabel": "Qwen-China",
  },
  {
    "envVar": "FERMI_QWEN_INTL_API_KEY",
    "group": "qwen",
    "groupLabel": "Qwen",
    "id": "qwen-intl",
    "models": [
      {
        "id": "qwen3.7-flash",
        "key": "qwen3.7-flash",
        "label": "Qwen3.7 Flash",
      },
      {
        "id": "qwen3.7-plus",
        "key": "qwen3.7-plus",
        "label": "Qwen3.7 Plus",
      },
      {
        "id": "qwen3.7-max",
        "key": "qwen3.7-max",
        "label": "Qwen3.7 Max",
      },
    ],
    "name": "Qwen / DashScope (Singapore)",
    "subLabel": "Qwen-Intl",
  },
  {
    "envVar": "FERMI_QWEN_US_API_KEY",
    "group": "qwen",
    "groupLabel": "Qwen",
    "id": "qwen-us",
    "models": [
      {
        "id": "qwen3.7-flash",
        "key": "qwen3.7-flash",
        "label": "Qwen3.7 Flash",
      },
      {
        "id": "qwen3.7-plus",
        "key": "qwen3.7-plus",
        "label": "Qwen3.7 Plus",
      },
      {
        "id": "qwen3.7-max",
        "key": "qwen3.7-max",
        "label": "Qwen3.7 Max",
      },
    ],
    "name": "Qwen / DashScope (US)",
    "subLabel": "Qwen-US",
  },
  {
    "envVar": "FERMI_KIMI_API_KEY",
    "group": "kimi",
    "groupLabel": "Moonshot (Kimi)",
    "id": "kimi",
    "models": [
      {
        "id": "kimi-k2.7-code",
        "key": "kimi-k2.7-code",
        "label": "Kimi K2.7 Code",
      },
      {
        "id": "kimi-k3",
        "key": "kimi-k3",
        "label": "Kimi K3",
      },
    ],
    "name": "Moonshot (Kimi) Global",
    "subLabel": "Kimi-Global",
  },
  {
    "envVar": "FERMI_KIMI_CN_API_KEY",
    "group": "kimi",
    "groupLabel": "Moonshot (Kimi)",
    "id": "kimi-cn",
    "models": [
      {
        "id": "kimi-k2.7-code",
        "key": "kimi-k2.7-code",
        "label": "Kimi K2.7 Code",
      },
      {
        "id": "kimi-k3",
        "key": "kimi-k3",
        "label": "Kimi K3",
      },
    ],
    "name": "Moonshot (Kimi) China",
    "subLabel": "Kimi-China",
  },
  {
    "envVar": "FERMI_KIMI_CODE_API_KEY",
    "group": "kimi",
    "groupLabel": "Moonshot (Kimi)",
    "id": "kimi-code",
    "models": [
      {
        "id": "kimi-k2.7-code",
        "key": "kimi-k2.7-code",
        "label": "Kimi K2.7 Code",
      },
      {
        "id": "k3",
        "key": "kimi-k3",
        "label": "Kimi K3",
      },
    ],
    "name": "Kimi Code (Coding Plan)",
    "subLabel": "Kimi-Code",
  },
  {
    "envVar": "FERMI_MINIMAX_API_KEY",
    "group": "minimax",
    "groupLabel": "MiniMax",
    "id": "minimax",
    "models": [
      {
        "id": "MiniMax-M3",
        "key": "MiniMax-M3",
        "label": "MiniMax M3",
      },
    ],
    "name": "MiniMax (Global)",
    "subLabel": "MiniMax-Global",
  },
  {
    "envVar": "FERMI_MINIMAX_CN_API_KEY",
    "group": "minimax",
    "groupLabel": "MiniMax",
    "id": "minimax-cn",
    "models": [
      {
        "id": "MiniMax-M3",
        "key": "MiniMax-M3",
        "label": "MiniMax M3",
      },
    ],
    "name": "MiniMax (China)",
    "subLabel": "MiniMax-China",
  },
  {
    "envVar": "FERMI_GLM_API_KEY",
    "group": "glm",
    "groupLabel": "z.ai (GLM/Zhipu)",
    "id": "glm",
    "models": [
      {
        "id": "glm-5.2",
        "key": "glm-5.2",
        "label": "GLM-5.2",
      },
    ],
    "name": "GLM / Zhipu (China)",
    "subLabel": "GLM-China",
  },
  {
    "envVar": "FERMI_GLM_INTL_API_KEY",
    "group": "glm",
    "groupLabel": "z.ai (GLM/Zhipu)",
    "id": "glm-intl",
    "models": [
      {
        "id": "glm-5.2",
        "key": "glm-5.2",
        "label": "GLM-5.2",
      },
    ],
    "name": "GLM / Zhipu (Global)",
    "subLabel": "GLM-Global",
  },
  {
    "envVar": "FERMI_GLM_CODE_API_KEY",
    "group": "glm",
    "groupLabel": "z.ai (GLM/Zhipu)",
    "id": "glm-code",
    "models": [
      {
        "id": "glm-5.2",
        "key": "glm-5.2",
        "label": "GLM-5.2",
      },
    ],
    "name": "GLM / Zhipu (China Coding)",
    "subLabel": "GLM-China-Code",
  },
  {
    "envVar": "FERMI_GLM_INTL_CODE_API_KEY",
    "group": "glm",
    "groupLabel": "z.ai (GLM/Zhipu)",
    "id": "glm-intl-code",
    "models": [
      {
        "id": "glm-5.2",
        "key": "glm-5.2",
        "label": "GLM-5.2",
      },
    ],
    "name": "GLM / Zhipu (Global Coding)",
    "subLabel": "GLM-Global-Code",
  },
  {
    "envVar": "FERMI_DEEPSEEK_API_KEY",
    "id": "deepseek",
    "models": [
      {
        "id": "deepseek-v4-flash",
        "key": "deepseek-v4-flash",
        "label": "DeepSeek V4 Flash",
      },
      {
        "id": "deepseek-v4-pro",
        "key": "deepseek-v4-pro",
        "label": "DeepSeek V4 Pro",
      },
    ],
    "name": "DeepSeek",
  },
  {
    "envVar": "FERMI_XIAOMI_API_KEY",
    "id": "xiaomi",
    "models": [
      {
        "id": "mimo-v2.5",
        "key": "mimo-v2.5",
        "label": "MiMo V2.5",
      },
      {
        "id": "mimo-v2.5-pro",
        "key": "mimo-v2.5-pro",
        "label": "MiMo V2.5 Pro",
      },
    ],
    "name": "Xiaomi (MiMo)",
  },
  {
    "defaultBaseUrl": "http://localhost:11434/v1",
    "envVar": "_OLLAMA_LOCAL",
    "id": "ollama",
    "localServer": true,
    "models": [],
    "name": "Ollama (Local)",
  },
  {
    "defaultBaseUrl": "http://localhost:8000/v1",
    "envVar": "_OMLX_LOCAL",
    "id": "omlx",
    "localServer": true,
    "models": [],
    "name": "oMLX (Local)",
  },
  {
    "defaultBaseUrl": "http://localhost:1234/v1",
    "envVar": "_LMSTUDIO_LOCAL",
    "id": "lmstudio",
    "localServer": true,
    "models": [],
    "name": "LM Studio (Local)",
  },
  {
    "envVar": "OPENROUTER_API_KEY",
    "id": "openrouter",
    "models": [
      {
        "aliases": [
          "anthropic/claude-haiku-4-5",
        ],
        "id": "anthropic/claude-haiku-4.5",
        "key": "anthropic/claude-haiku-4.5",
        "label": "Claude Haiku 4.5",
      },
      {
        "id": "anthropic/claude-fable-5",
        "key": "anthropic/claude-fable-5",
        "label": "Claude Fable 5",
      },
      {
        "id": "anthropic/claude-sonnet-5",
        "key": "anthropic/claude-sonnet-5",
        "label": "Claude Sonnet 5",
      },
      {
        "id": "anthropic/claude-opus-5",
        "key": "anthropic/claude-opus-5",
        "label": "Claude Opus 5",
      },
      {
        "id": "openai/gpt-5.6-sol",
        "key": "openai/gpt-5.6-sol",
        "label": "GPT-5.6 Sol",
      },
      {
        "id": "openai/gpt-5.6-terra",
        "key": "openai/gpt-5.6-terra",
        "label": "GPT-5.6 Terra",
      },
      {
        "id": "openai/gpt-5.6-luna",
        "key": "openai/gpt-5.6-luna",
        "label": "GPT-5.6 Luna",
      },
      {
        "id": "qwen/qwen3.7-flash",
        "key": "qwen/qwen3.7-flash",
        "label": "Qwen3.7 Flash",
      },
      {
        "id": "qwen/qwen3.7-plus",
        "key": "qwen/qwen3.7-plus",
        "label": "Qwen3.7 Plus",
      },
      {
        "id": "qwen/qwen3.7-max",
        "key": "qwen/qwen3.7-max",
        "label": "Qwen3.7 Max",
      },
      {
        "id": "deepseek/deepseek-v4-flash",
        "key": "deepseek/deepseek-v4-flash",
        "label": "DeepSeek V4 Flash",
      },
      {
        "id": "deepseek/deepseek-v4-pro",
        "key": "deepseek/deepseek-v4-pro",
        "label": "DeepSeek V4 Pro",
      },
      {
        "id": "xiaomi/mimo-v2.5",
        "key": "xiaomi/mimo-v2.5",
        "label": "MiMo V2.5",
      },
      {
        "id": "xiaomi/mimo-v2.5-pro",
        "key": "xiaomi/mimo-v2.5-pro",
        "label": "MiMo V2.5 Pro",
      },
      {
        "id": "moonshotai/kimi-k2.7-code",
        "key": "moonshotai/kimi-k2.7-code",
        "label": "Kimi K2.7 Code",
      },
      {
        "id": "moonshotai/kimi-k3",
        "key": "moonshotai/kimi-k3",
        "label": "Kimi K3",
      },
      {
        "id": "minimax/minimax-m3",
        "key": "minimax/minimax-m3",
        "label": "MiniMax M3",
      },
      {
        "id": "z-ai/glm-5.2",
        "key": "z-ai/glm-5.2",
        "label": "GLM-5.2",
      },
    ],
    "name": "OpenRouter",
  },
]
`;

exports[`provider registry characterization (Phase 2 baseline) freezes managed-credential specs (order-independent by providerId) 1`] = `
{
  "deepseek": {
    "externalEnvVars": [
      "DEEPSEEK_API_KEY",
    ],
    "internalEnvVar": "FERMI_DEEPSEEK_API_KEY",
    "providerId": "deepseek",
  },
  "glm": {
    "externalEnvVars": [
      "GLM_API_KEY",
    ],
    "internalEnvVar": "FERMI_GLM_API_KEY",
    "providerId": "glm",
  },
  "glm-code": {
    "externalEnvVars": [
      "GLM_CODE_API_KEY",
    ],
    "internalEnvVar": "FERMI_GLM_CODE_API_KEY",
    "providerId": "glm-code",
  },
  "glm-intl": {
    "externalEnvVars": [
      "GLM_INTL_API_KEY",
    ],
    "internalEnvVar": "FERMI_GLM_INTL_API_KEY",
    "providerId": "glm-intl",
  },
  "glm-intl-code": {
    "externalEnvVars": [
      "GLM_INTL_CODE_API_KEY",
    ],
    "internalEnvVar": "FERMI_GLM_INTL_CODE_API_KEY",
    "providerId": "glm-intl-code",
  },
  "kimi": {
    "externalEnvVars": [
      "MOONSHOT_API_KEY",
      "KIMI_API_KEY",
    ],
    "internalEnvVar": "FERMI_KIMI_API_KEY",
    "providerId": "kimi",
  },
  "kimi-cn": {
    "externalEnvVars": [
      "MOONSHOT_API_KEY",
      "KIMI_CN_API_KEY",
    ],
    "internalEnvVar": "FERMI_KIMI_CN_API_KEY",
    "providerId": "kimi-cn",
  },
  "kimi-code": {
    "externalEnvVars": [
      "KIMI_CODE_API_KEY",
    ],
    "internalEnvVar": "FERMI_KIMI_CODE_API_KEY",
    "providerId": "kimi-code",
  },
  "minimax": {
    "externalEnvVars": [
      "MINIMAX_API_KEY",
    ],
    "internalEnvVar": "FERMI_MINIMAX_API_KEY",
    "providerId": "minimax",
  },
  "minimax-cn": {
    "externalEnvVars": [
      "MINIMAX_CN_API_KEY",
    ],
    "internalEnvVar": "FERMI_MINIMAX_CN_API_KEY",
    "providerId": "minimax-cn",
  },
  "qwen": {
    "externalEnvVars": [
      "DASHSCOPE_API_KEY",
      "QWEN_API_KEY",
    ],
    "internalEnvVar": "FERMI_QWEN_API_KEY",
    "providerId": "qwen",
  },
  "qwen-intl": {
    "externalEnvVars": [
      "DASHSCOPE_INTL_API_KEY",
      "QWEN_INTL_API_KEY",
    ],
    "internalEnvVar": "FERMI_QWEN_INTL_API_KEY",
    "providerId": "qwen-intl",
  },
  "qwen-us": {
    "externalEnvVars": [
      "DASHSCOPE_US_API_KEY",
      "QWEN_US_API_KEY",
    ],
    "internalEnvVar": "FERMI_QWEN_US_API_KEY",
    "providerId": "qwen-us",
  },
  "xiaomi": {
    "externalEnvVars": [
      "XIAOMI_API_KEY",
    ],
    "internalEnvVar": "FERMI_XIAOMI_API_KEY",
    "providerId": "xiaomi",
  },
}
`;
